============================= test session starts =============================
platform win32 -- Python 3.11.6, pytest-8.0.2, pluggy-1.5.0
rootdir: D:\college2-main\backend
plugins: anyio-4.3.0, asyncio-0.23.5, cov-4.1.0
asyncio: mode=Mode.STRICT
collected 84 items

tests\test_auth.py .F                                                    [  2%]
tests\test_erp_crud.py FFFFFssssssssssssssssssssssssssssssssssssssssss   [ 58%]
tests\test_erp_enhanced.py FFFFFEEEFFEEEEFFEEEEEEEEEEEE                  [ 91%]
tests\test_services.py FFFF                                              [ 96%]
tests\test_students.py ...                                               [100%]

=================================== ERRORS ====================================
_____________ ERROR at setup of TestSettingsAPI.test_get_settings _____________

self = <test_erp_enhanced.TestSettingsAPI object at 0x00000239C6E5AED0>

    @pytest.fixture(autouse=True)
    def setup(self):
        self.session = requests.Session()
        self.session.headers.update({"Content-Type": "application/json"})
        # Login as admin
>       response = self.session.post(
            f"{BASE_URL}/api/auth/login",
            json=CREDENTIALS["admin"]
        )

tests\test_erp_enhanced.py:53: 
_ _ _ _ _ _ _ _ _ _ _ _ _ _ _ _ _ _ _ _ _ _ _ _ _ _ _ _ _ _ _ _ _ _ _ _ _ _ _ _
C:\Users\massm\AppData\Local\Programs\Python\Python311\Lib\site-packages\requests\sessions.py:637: in post
    return self.request("POST", url, data=data, json=json, **kwargs)
C:\Users\massm\AppData\Local\Programs\Python\Python311\Lib\site-packages\requests\sessions.py:575: in request
    prep = self.prepare_request(req)
C:\Users\massm\AppData\Local\Programs\Python\Python311\Lib\site-packages\requests\sessions.py:484: in prepare_request
    p.prepare(
C:\Users\massm\AppData\Local\Programs\Python\Python311\Lib\site-packages\requests\models.py:367: in prepare
    self.prepare_url(url, params)
_ _ _ _ _ _ _ _ _ _ _ _ _ _ _ _ _ _ _ _ _ _ _ _ _ _ _ _ _ _ _ _ _ _ _ _ _ _ _ _

self = <PreparedRequest [POST]>, url = '/api/auth/login', params = OrderedDict()

    def prepare_url(self, url, params):
        """Prepares the given HTTP URL."""
        #: Accept objects that have string representations.
        #: We're unable to blindly call unicode/str functions
        #: as this will include the bytestring indicator (b'')
        #: on python 3.x.
        #: https://github.com/psf/requests/pull/2238
        if isinstance(url, bytes):
            url = url.decode("utf8")
        else:
            url = str(url)
    
        # Remove leading whitespaces from url
        url = url.lstrip()
    
        # Don't do any URL preparation for non-HTTP schemes like `mailto`,
        # `data` etc to work around exceptions from `url_parse`, which
        # handles RFC 3986 only.
        if ":" in url and not url.lower().startswith("http"):
            self.url = url
            return
    
        # Support for unicode domain names and paths.
        try:
            scheme, auth, host, port, path, query, fragment = parse_url(url)
        except LocationParseError as e:
            raise InvalidURL(*e.args)
    
        if not scheme:
>           raise MissingSchema(
                f"Invalid URL {url!r}: No scheme supplied. "
                f"Perhaps you meant https://{url}?"
            )
E           requests.exceptions.MissingSchema: Invalid URL '/api/auth/login': No scheme supplied. Perhaps you meant https:///api/auth/login?

C:\Users\massm\AppData\Local\Programs\Python\Python311\Lib\site-packages\requests\models.py:438: MissingSchema
________ ERROR at setup of TestSettingsAPI.test_update_settings_theme _________

self = <test_erp_enhanced.TestSettingsAPI object at 0x00000239C6E5B5D0>

    @pytest.fixture(autouse=True)
    def setup(self):
        self.session = requests.Session()
        self.session.headers.update({"Content-Type": "application/json"})
        # Login as admin
>       response = self.session.post(
            f"{BASE_URL}/api/auth/login",
            json=CREDENTIALS["admin"]
        )

tests\test_erp_enhanced.py:53: 
_ _ _ _ _ _ _ _ _ _ _ _ _ _ _ _ _ _ _ _ _ _ _ _ _ _ _ _ _ _ _ _ _ _ _ _ _ _ _ _
C:\Users\massm\AppData\Local\Programs\Python\Python311\Lib\site-packages\requests\sessions.py:637: in post
    return self.request("POST", url, data=data, json=json, **kwargs)
C:\Users\massm\AppData\Local\Programs\Python\Python311\Lib\site-packages\requests\sessions.py:575: in request
    prep = self.prepare_request(req)
C:\Users\massm\AppData\Local\Programs\Python\Python311\Lib\site-packages\requests\sessions.py:484: in prepare_request
    p.prepare(
C:\Users\massm\AppData\Local\Programs\Python\Python311\Lib\site-packages\requests\models.py:367: in prepare
    self.prepare_url(url, params)
_ _ _ _ _ _ _ _ _ _ _ _ _ _ _ _ _ _ _ _ _ _ _ _ _ _ _ _ _ _ _ _ _ _ _ _ _ _ _ _

self = <PreparedRequest [POST]>, url = '/api/auth/login', params = OrderedDict()

    def prepare_url(self, url, params):
        """Prepares the given HTTP URL."""
        #: Accept objects that have string representations.
        #: We're unable to blindly call unicode/str functions
        #: as this will include the bytestring indicator (b'')
        #: on python 3.x.
        #: https://github.com/psf/requests/pull/2238
        if isinstance(url, bytes):
            url = url.decode("utf8")
        else:
            url = str(url)
    
        # Remove leading whitespaces from url
        url = url.lstrip()
    
        # Don't do any URL preparation for non-HTTP schemes like `mailto`,
        # `data` etc to work around exceptions from `url_parse`, which
        # handles RFC 3986 only.
        if ":" in url and not url.lower().startswith("http"):
            self.url = url
            return
    
        # Support for unicode domain names and paths.
        try:
            scheme, auth, host, port, path, query, fragment = parse_url(url)
        except LocationParseError as e:
            raise InvalidURL(*e.args)
    
        if not scheme:
>           raise MissingSchema(
                f"Invalid URL {url!r}: No scheme supplied. "
                f"Perhaps you meant https://{url}?"
            )
E           requests.exceptions.MissingSchema: Invalid URL '/api/auth/login': No scheme supplied. Perhaps you meant https:///api/auth/login?

C:\Users\massm\AppData\Local\Programs\Python\Python311\Lib\site-packages\requests\models.py:438: MissingSchema
____ ERROR at setup of TestSettingsAPI.test_update_settings_notifications _____

self = <test_erp_enhanced.TestSettingsAPI object at 0x00000239C6E5BCD0>

    @pytest.fixture(autouse=True)
    def setup(self):
        self.session = requests.Session()
        self.session.headers.update({"Content-Type": "application/json"})
        # Login as admin
>       response = self.session.post(
            f"{BASE_URL}/api/auth/login",
            json=CREDENTIALS["admin"]
        )

tests\test_erp_enhanced.py:53: 
_ _ _ _ _ _ _ _ _ _ _ _ _ _ _ _ _ _ _ _ _ _ _ _ _ _ _ _ _ _ _ _ _ _ _ _ _ _ _ _
C:\Users\massm\AppData\Local\Programs\Python\Python311\Lib\site-packages\requests\sessions.py:637: in post
    return self.request("POST", url, data=data, json=json, **kwargs)
C:\Users\massm\AppData\Local\Programs\Python\Python311\Lib\site-packages\requests\sessions.py:575: in request
    prep = self.prepare_request(req)
C:\Users\massm\AppData\Local\Programs\Python\Python311\Lib\site-packages\requests\sessions.py:484: in prepare_request
    p.prepare(
C:\Users\massm\AppData\Local\Programs\Python\Python311\Lib\site-packages\requests\models.py:367: in prepare
    self.prepare_url(url, params)
_ _ _ _ _ _ _ _ _ _ _ _ _ _ _ _ _ _ _ _ _ _ _ _ _ _ _ _ _ _ _ _ _ _ _ _ _ _ _ _

self = <PreparedRequest [POST]>, url = '/api/auth/login', params = OrderedDict()

    def prepare_url(self, url, params):
        """Prepares the given HTTP URL."""
        #: Accept objects that have string representations.
        #: We're unable to blindly call unicode/str functions
        #: as this will include the bytestring indicator (b'')
        #: on python 3.x.
        #: https://github.com/psf/requests/pull/2238
        if isinstance(url, bytes):
            url = url.decode("utf8")
        else:
            url = str(url)
    
        # Remove leading whitespaces from url
        url = url.lstrip()
    
        # Don't do any URL preparation for non-HTTP schemes like `mailto`,
        # `data` etc to work around exceptions from `url_parse`, which
        # handles RFC 3986 only.
        if ":" in url and not url.lower().startswith("http"):
            self.url = url
            return
    
        # Support for unicode domain names and paths.
        try:
            scheme, auth, host, port, path, query, fragment = parse_url(url)
        except LocationParseError as e:
            raise InvalidURL(*e.args)
    
        if not scheme:
>           raise MissingSchema(
                f"Invalid URL {url!r}: No scheme supplied. "
                f"Perhaps you meant https://{url}?"
            )
E           requests.exceptions.MissingSchema: Invalid URL '/api/auth/login': No scheme supplied. Perhaps you meant https:///api/auth/login?

C:\Users\massm\AppData\Local\Programs\Python\Python311\Lib\site-packages\requests\models.py:438: MissingSchema
___ ERROR at setup of TestPasswordChange.test_change_password_wrong_current ___

self = <test_erp_enhanced.TestPasswordChange object at 0x00000239C6E6E110>

    @pytest.fixture(autouse=True)
    def setup(self):
        self.session = requests.Session()
        self.session.headers.update({"Content-Type": "application/json"})
        # Login as admin
>       response = self.session.post(
            f"{BASE_URL}/api/auth/login",
            json=CREDENTIALS["admin"]
        )

tests\test_erp_enhanced.py:144: 
_ _ _ _ _ _ _ _ _ _ _ _ _ _ _ _ _ _ _ _ _ _ _ _ _ _ _ _ _ _ _ _ _ _ _ _ _ _ _ _
C:\Users\massm\AppData\Local\Programs\Python\Python311\Lib\site-packages\requests\sessions.py:637: in post
    return self.request("POST", url, data=data, json=json, **kwargs)
C:\Users\massm\AppData\Local\Programs\Python\Python311\Lib\site-packages\requests\sessions.py:575: in request
    prep = self.prepare_request(req)
C:\Users\massm\AppData\Local\Programs\Python\Python311\Lib\site-packages\requests\sessions.py:484: in prepare_request
    p.prepare(
C:\Users\massm\AppData\Local\Programs\Python\Python311\Lib\site-packages\requests\models.py:367: in prepare
    self.prepare_url(url, params)
_ _ _ _ _ _ _ _ _ _ _ _ _ _ _ _ _ _ _ _ _ _ _ _ _ _ _ _ _ _ _ _ _ _ _ _ _ _ _ _

self = <PreparedRequest [POST]>, url = '/api/auth/login', params = OrderedDict()

    def prepare_url(self, url, params):
        """Prepares the given HTTP URL."""
        #: Accept objects that have string representations.
        #: We're unable to blindly call unicode/str functions
        #: as this will include the bytestring indicator (b'')
        #: on python 3.x.
        #: https://github.com/psf/requests/pull/2238
        if isinstance(url, bytes):
            url = url.decode("utf8")
        else:
            url = str(url)
    
        # Remove leading whitespaces from url
        url = url.lstrip()
    
        # Don't do any URL preparation for non-HTTP schemes like `mailto`,
        # `data` etc to work around exceptions from `url_parse`, which
        # handles RFC 3986 only.
        if ":" in url and not url.lower().startswith("http"):
            self.url = url
            return
    
        # Support for unicode domain names and paths.
        try:
            scheme, auth, host, port, path, query, fragment = parse_url(url)
        except LocationParseError as e:
            raise InvalidURL(*e.args)
    
        if not scheme:
>           raise MissingSchema(
                f"Invalid URL {url!r}: No scheme supplied. "
                f"Perhaps you meant https://{url}?"
            )
E           requests.exceptions.MissingSchema: Invalid URL '/api/auth/login': No scheme supplied. Perhaps you meant https:///api/auth/login?

C:\Users\massm\AppData\Local\Programs\Python\Python311\Lib\site-packages\requests\models.py:438: MissingSchema
______ ERROR at setup of TestPasswordChange.test_change_password_correct ______

self = <test_erp_enhanced.TestPasswordChange object at 0x00000239C6E6E7D0>

    @pytest.fixture(autouse=True)
    def setup(self):
        self.session = requests.Session()
        self.session.headers.update({"Content-Type": "application/json"})
        # Login as admin
>       response = self.session.post(
            f"{BASE_URL}/api/auth/login",
            json=CREDENTIALS["admin"]
        )

tests\test_erp_enhanced.py:144: 
_ _ _ _ _ _ _ _ _ _ _ _ _ _ _ _ _ _ _ _ _ _ _ _ _ _ _ _ _ _ _ _ _ _ _ _ _ _ _ _
C:\Users\massm\AppData\Local\Programs\Python\Python311\Lib\site-packages\requests\sessions.py:637: in post
    return self.request("POST", url, data=data, json=json, **kwargs)
C:\Users\massm\AppData\Local\Programs\Python\Python311\Lib\site-packages\requests\sessions.py:575: in request
    prep = self.prepare_request(req)
C:\Users\massm\AppData\Local\Programs\Python\Python311\Lib\site-packages\requests\sessions.py:484: in prepare_request
    p.prepare(
C:\Users\massm\AppData\Local\Programs\Python\Python311\Lib\site-packages\requests\models.py:367: in prepare
    self.prepare_url(url, params)
_ _ _ _ _ _ _ _ _ _ _ _ _ _ _ _ _ _ _ _ _ _ _ _ _ _ _ _ _ _ _ _ _ _ _ _ _ _ _ _

self = <PreparedRequest [POST]>, url = '/api/auth/login', params = OrderedDict()

    def prepare_url(self, url, params):
        """Prepares the given HTTP URL."""
        #: Accept objects that have string representations.
        #: We're unable to blindly call unicode/str functions
        #: as this will include the bytestring indicator (b'')
        #: on python 3.x.
        #: https://github.com/psf/requests/pull/2238
        if isinstance(url, bytes):
            url = url.decode("utf8")
        else:
            url = str(url)
    
        # Remove leading whitespaces from url
        url = url.lstrip()
    
        # Don't do any URL preparation for non-HTTP schemes like `mailto`,
        # `data` etc to work around exceptions from `url_parse`, which
        # handles RFC 3986 only.
        if ":" in url and not url.lower().startswith("http"):
            self.url = url
            return
    
        # Support for unicode domain names and paths.
        try:
            scheme, auth, host, port, path, query, fragment = parse_url(url)
        except LocationParseError as e:
            raise InvalidURL(*e.args)
    
        if not scheme:
>           raise MissingSchema(
                f"Invalid URL {url!r}: No scheme supplied. "
                f"Perhaps you meant https://{url}?"
            )
E           requests.exceptions.MissingSchema: Invalid URL '/api/auth/login': No scheme supplied. Perhaps you meant https:///api/auth/login?

C:\Users\massm\AppData\Local\Programs\Python\Python311\Lib\site-packages\requests\models.py:438: MissingSchema
_ ERROR at setup of TestAnnouncementsAPI.test_create_announcement_with_publish_date _

self = <test_erp_enhanced.TestAnnouncementsAPI object at 0x00000239C6E6F790>

    @pytest.fixture(autouse=True)
    def setup(self):
        self.session = requests.Session()
        self.session.headers.update({"Content-Type": "application/json"})
        # Login as principal (can create announcements)
>       response = self.session.post(
            f"{BASE_URL}/api/auth/login",
            json=CREDENTIALS["principal"]
        )

tests\test_erp_enhanced.py:202: 
_ _ _ _ _ _ _ _ _ _ _ _ _ _ _ _ _ _ _ _ _ _ _ _ _ _ _ _ _ _ _ _ _ _ _ _ _ _ _ _
C:\Users\massm\AppData\Local\Programs\Python\Python311\Lib\site-packages\requests\sessions.py:637: in post
    return self.request("POST", url, data=data, json=json, **kwargs)
C:\Users\massm\AppData\Local\Programs\Python\Python311\Lib\site-packages\requests\sessions.py:575: in request
    prep = self.prepare_request(req)
C:\Users\massm\AppData\Local\Programs\Python\Python311\Lib\site-packages\requests\sessions.py:484: in prepare_request
    p.prepare(
C:\Users\massm\AppData\Local\Programs\Python\Python311\Lib\site-packages\requests\models.py:367: in prepare
    self.prepare_url(url, params)
_ _ _ _ _ _ _ _ _ _ _ _ _ _ _ _ _ _ _ _ _ _ _ _ _ _ _ _ _ _ _ _ _ _ _ _ _ _ _ _

self = <PreparedRequest [POST]>, url = '/api/auth/login', params = OrderedDict()

    def prepare_url(self, url, params):
        """Prepares the given HTTP URL."""
        #: Accept objects that have string representations.
        #: We're unable to blindly call unicode/str functions
        #: as this will include the bytestring indicator (b'')
        #: on python 3.x.
        #: https://github.com/psf/requests/pull/2238
        if isinstance(url, bytes):
            url = url.decode("utf8")
        else:
            url = str(url)
    
        # Remove leading whitespaces from url
        url = url.lstrip()
    
        # Don't do any URL preparation for non-HTTP schemes like `mailto`,
        # `data` etc to work around exceptions from `url_parse`, which
        # handles RFC 3986 only.
        if ":" in url and not url.lower().startswith("http"):
            self.url = url
            return
    
        # Support for unicode domain names and paths.
        try:
            scheme, auth, host, port, path, query, fragment = parse_url(url)
        except LocationParseError as e:
            raise InvalidURL(*e.args)
    
        if not scheme:
>           raise MissingSchema(
                f"Invalid URL {url!r}: No scheme supplied. "
                f"Perhaps you meant https://{url}?"
            )
E           requests.exceptions.MissingSchema: Invalid URL '/api/auth/login': No scheme supplied. Perhaps you meant https:///api/auth/login?

C:\Users\massm\AppData\Local\Programs\Python\Python311\Lib\site-packages\requests\models.py:438: MissingSchema
________ ERROR at setup of TestAnnouncementsAPI.test_get_announcements ________

self = <test_erp_enhanced.TestAnnouncementsAPI object at 0x00000239C6E6FF90>

    @pytest.fixture(autouse=True)
    def setup(self):
        self.session = requests.Session()
        self.session.headers.update({"Content-Type": "application/json"})
        # Login as principal (can create announcements)
>       response = self.session.post(
            f"{BASE_URL}/api/auth/login",
            json=CREDENTIALS["principal"]
        )

tests\test_erp_enhanced.py:202: 
_ _ _ _ _ _ _ _ _ _ _ _ _ _ _ _ _ _ _ _ _ _ _ _ _ _ _ _ _ _ _ _ _ _ _ _ _ _ _ _
C:\Users\massm\AppData\Local\Programs\Python\Python311\Lib\site-packages\requests\sessions.py:637: in post
    return self.request("POST", url, data=data, json=json, **kwargs)
C:\Users\massm\AppData\Local\Programs\Python\Python311\Lib\site-packages\requests\sessions.py:575: in request
    prep = self.prepare_request(req)
C:\Users\massm\AppData\Local\Programs\Python\Python311\Lib\site-packages\requests\sessions.py:484: in prepare_request
    p.prepare(
C:\Users\massm\AppData\Local\Programs\Python\Python311\Lib\site-packages\requests\models.py:367: in prepare
    self.prepare_url(url, params)
_ _ _ _ _ _ _ _ _ _ _ _ _ _ _ _ _ _ _ _ _ _ _ _ _ _ _ _ _ _ _ _ _ _ _ _ _ _ _ _

self = <PreparedRequest [POST]>, url = '/api/auth/login', params = OrderedDict()

    def prepare_url(self, url, params):
        """Prepares the given HTTP URL."""
        #: Accept objects that have string representations.
        #: We're unable to blindly call unicode/str functions
        #: as this will include the bytestring indicator (b'')
        #: on python 3.x.
        #: https://github.com/psf/requests/pull/2238
        if isinstance(url, bytes):
            url = url.decode("utf8")
        else:
            url = str(url)
    
        # Remove leading whitespaces from url
        url = url.lstrip()
    
        # Don't do any URL preparation for non-HTTP schemes like `mailto`,
        # `data` etc to work around exceptions from `url_parse`, which
        # handles RFC 3986 only.
        if ":" in url and not url.lower().startswith("http"):
            self.url = url
            return
    
        # Support for unicode domain names and paths.
        try:
            scheme, auth, host, port, path, query, fragment = parse_url(url)
        except LocationParseError as e:
            raise InvalidURL(*e.args)
    
        if not scheme:
>           raise MissingSchema(
                f"Invalid URL {url!r}: No scheme supplied. "
                f"Perhaps you meant https://{url}?"
            )
E           requests.exceptions.MissingSchema: Invalid URL '/api/auth/login': No scheme supplied. Perhaps you meant https:///api/auth/login?

C:\Users\massm\AppData\Local\Programs\Python\Python311\Lib\site-packages\requests\models.py:438: MissingSchema
__________ ERROR at setup of TestFeeAnalytics.test_get_fee_analytics __________

self = <test_erp_enhanced.TestFeeAnalytics object at 0x00000239C6E75D10>

    @pytest.fixture(autouse=True)
    def setup(self):
        self.session = requests.Session()
        self.session.headers.update({"Content-Type": "application/json"})
        # Login as principal
>       response = self.session.post(
            f"{BASE_URL}/api/auth/login",
            json=CREDENTIALS["principal"]
        )

tests\test_erp_enhanced.py:404: 
_ _ _ _ _ _ _ _ _ _ _ _ _ _ _ _ _ _ _ _ _ _ _ _ _ _ _ _ _ _ _ _ _ _ _ _ _ _ _ _
C:\Users\massm\AppData\Local\Programs\Python\Python311\Lib\site-packages\requests\sessions.py:637: in post
    return self.request("POST", url, data=data, json=json, **kwargs)
C:\Users\massm\AppData\Local\Programs\Python\Python311\Lib\site-packages\requests\sessions.py:575: in request
    prep = self.prepare_request(req)
C:\Users\massm\AppData\Local\Programs\Python\Python311\Lib\site-packages\requests\sessions.py:484: in prepare_request
    p.prepare(
C:\Users\massm\AppData\Local\Programs\Python\Python311\Lib\site-packages\requests\models.py:367: in prepare
    self.prepare_url(url, params)
_ _ _ _ _ _ _ _ _ _ _ _ _ _ _ _ _ _ _ _ _ _ _ _ _ _ _ _ _ _ _ _ _ _ _ _ _ _ _ _

self = <PreparedRequest [POST]>, url = '/api/auth/login', params = OrderedDict()

    def prepare_url(self, url, params):
        """Prepares the given HTTP URL."""
        #: Accept objects that have string representations.
        #: We're unable to blindly call unicode/str functions
        #: as this will include the bytestring indicator (b'')
        #: on python 3.x.
        #: https://github.com/psf/requests/pull/2238
        if isinstance(url, bytes):
            url = url.decode("utf8")
        else:
            url = str(url)
    
        # Remove leading whitespaces from url
        url = url.lstrip()
    
        # Don't do any URL preparation for non-HTTP schemes like `mailto`,
        # `data` etc to work around exceptions from `url_parse`, which
        # handles RFC 3986 only.
        if ":" in url and not url.lower().startswith("http"):
            self.url = url
            return
    
        # Support for unicode domain names and paths.
        try:
            scheme, auth, host, port, path, query, fragment = parse_url(url)
        except LocationParseError as e:
            raise InvalidURL(*e.args)
    
        if not scheme:
>           raise MissingSchema(
                f"Invalid URL {url!r}: No scheme supplied. "
                f"Perhaps you meant https://{url}?"
            )
E           requests.exceptions.MissingSchema: Invalid URL '/api/auth/login': No scheme supplied. Perhaps you meant https:///api/auth/login?

C:\Users\massm\AppData\Local\Programs\Python\Python311\Lib\site-packages\requests\models.py:438: MissingSchema
_________ ERROR at setup of TestRiskAnalytics.test_get_risk_analytics _________

self = <test_erp_enhanced.TestRiskAnalytics object at 0x00000239C6E76650>

    @pytest.fixture(autouse=True)
    def setup(self):
        self.session = requests.Session()
        self.session.headers.update({"Content-Type": "application/json"})
        # Login as principal
>       response = self.session.post(
            f"{BASE_URL}/api/auth/login",
            json=CREDENTIALS["principal"]
        )

tests\test_erp_enhanced.py:436: 
_ _ _ _ _ _ _ _ _ _ _ _ _ _ _ _ _ _ _ _ _ _ _ _ _ _ _ _ _ _ _ _ _ _ _ _ _ _ _ _
C:\Users\massm\AppData\Local\Programs\Python\Python311\Lib\site-packages\requests\sessions.py:637: in post
    return self.request("POST", url, data=data, json=json, **kwargs)
C:\Users\massm\AppData\Local\Programs\Python\Python311\Lib\site-packages\requests\sessions.py:575: in request
    prep = self.prepare_request(req)
C:\Users\massm\AppData\Local\Programs\Python\Python311\Lib\site-packages\requests\sessions.py:484: in prepare_request
    p.prepare(
C:\Users\massm\AppData\Local\Programs\Python\Python311\Lib\site-packages\requests\models.py:367: in prepare
    self.prepare_url(url, params)
_ _ _ _ _ _ _ _ _ _ _ _ _ _ _ _ _ _ _ _ _ _ _ _ _ _ _ _ _ _ _ _ _ _ _ _ _ _ _ _

self = <PreparedRequest [POST]>, url = '/api/auth/login', params = OrderedDict()

    def prepare_url(self, url, params):
        """Prepares the given HTTP URL."""
        #: Accept objects that have string representations.
        #: We're unable to blindly call unicode/str functions
        #: as this will include the bytestring indicator (b'')
        #: on python 3.x.
        #: https://github.com/psf/requests/pull/2238
        if isinstance(url, bytes):
            url = url.decode("utf8")
        else:
            url = str(url)
    
        # Remove leading whitespaces from url
        url = url.lstrip()
    
        # Don't do any URL preparation for non-HTTP schemes like `mailto`,
        # `data` etc to work around exceptions from `url_parse`, which
        # handles RFC 3986 only.
        if ":" in url and not url.lower().startswith("http"):
            self.url = url
            return
    
        # Support for unicode domain names and paths.
        try:
            scheme, auth, host, port, path, query, fragment = parse_url(url)
        except LocationParseError as e:
            raise InvalidURL(*e.args)
    
        if not scheme:
>           raise MissingSchema(
                f"Invalid URL {url!r}: No scheme supplied. "
                f"Perhaps you meant https://{url}?"
            )
E           requests.exceptions.MissingSchema: Invalid URL '/api/auth/login': No scheme supplied. Perhaps you meant https:///api/auth/login?

C:\Users\massm\AppData\Local\Programs\Python\Python311\Lib\site-packages\requests\models.py:438: MissingSchema
________ ERROR at setup of TestAuditLogEnhancement.test_get_audit_logs ________

self = <test_erp_enhanced.TestAuditLogEnhancement object at 0x00000239C6E77510>

    @pytest.fixture(autouse=True)
    def setup(self):
        self.session = requests.Session()
        self.session.headers.update({"Content-Type": "application/json"})
        # Login as principal (can view audit logs)
>       response = self.session.post(
            f"{BASE_URL}/api/auth/login",
            json=CREDENTIALS["principal"]
        )

tests\test_erp_enhanced.py:469: 
_ _ _ _ _ _ _ _ _ _ _ _ _ _ _ _ _ _ _ _ _ _ _ _ _ _ _ _ _ _ _ _ _ _ _ _ _ _ _ _
C:\Users\massm\AppData\Local\Programs\Python\Python311\Lib\site-packages\requests\sessions.py:637: in post
    return self.request("POST", url, data=data, json=json, **kwargs)
C:\Users\massm\AppData\Local\Programs\Python\Python311\Lib\site-packages\requests\sessions.py:575: in request
    prep = self.prepare_request(req)
C:\Users\massm\AppData\Local\Programs\Python\Python311\Lib\site-packages\requests\sessions.py:484: in prepare_request
    p.prepare(
C:\Users\massm\AppData\Local\Programs\Python\Python311\Lib\site-packages\requests\models.py:367: in prepare
    self.prepare_url(url, params)
_ _ _ _ _ _ _ _ _ _ _ _ _ _ _ _ _ _ _ _ _ _ _ _ _ _ _ _ _ _ _ _ _ _ _ _ _ _ _ _

self = <PreparedRequest [POST]>, url = '/api/auth/login', params = OrderedDict()

    def prepare_url(self, url, params):
        """Prepares the given HTTP URL."""
        #: Accept objects that have string representations.
        #: We're unable to blindly call unicode/str functions
        #: as this will include the bytestring indicator (b'')
        #: on python 3.x.
        #: https://github.com/psf/requests/pull/2238
        if isinstance(url, bytes):
            url = url.decode("utf8")
        else:
            url = str(url)
    
        # Remove leading whitespaces from url
        url = url.lstrip()
    
        # Don't do any URL preparation for non-HTTP schemes like `mailto`,
        # `data` etc to work around exceptions from `url_parse`, which
        # handles RFC 3986 only.
        if ":" in url and not url.lower().startswith("http"):
            self.url = url
            return
    
        # Support for unicode domain names and paths.
        try:
            scheme, auth, host, port, path, query, fragment = parse_url(url)
        except LocationParseError as e:
            raise InvalidURL(*e.args)
    
        if not scheme:
>           raise MissingSchema(
                f"Invalid URL {url!r}: No scheme supplied. "
                f"Perhaps you meant https://{url}?"
            )
E           requests.exceptions.MissingSchema: Invalid URL '/api/auth/login': No scheme supplied. Perhaps you meant https:///api/auth/login?

C:\Users\massm\AppData\Local\Programs\Python\Python311\Lib\site-packages\requests\models.py:438: MissingSchema
____ ERROR at setup of TestDashboardAnalytics.test_get_dashboard_analytics ____

self = <test_erp_enhanced.TestDashboardAnalytics object at 0x00000239C6E88390>

    @pytest.fixture(autouse=True)
    def setup(self):
        self.session = requests.Session()
        self.session.headers.update({"Content-Type": "application/json"})
        # Login as principal
>       response = self.session.post(
            f"{BASE_URL}/api/auth/login",
            json=CREDENTIALS["principal"]
        )

tests\test_erp_enhanced.py:500: 
_ _ _ _ _ _ _ _ _ _ _ _ _ _ _ _ _ _ _ _ _ _ _ _ _ _ _ _ _ _ _ _ _ _ _ _ _ _ _ _
C:\Users\massm\AppData\Local\Programs\Python\Python311\Lib\site-packages\requests\sessions.py:637: in post
    return self.request("POST", url, data=data, json=json, **kwargs)
C:\Users\massm\AppData\Local\Programs\Python\Python311\Lib\site-packages\requests\sessions.py:575: in request
    prep = self.prepare_request(req)
C:\Users\massm\AppData\Local\Programs\Python\Python311\Lib\site-packages\requests\sessions.py:484: in prepare_request
    p.prepare(
C:\Users\massm\AppData\Local\Programs\Python\Python311\Lib\site-packages\requests\models.py:367: in prepare
    self.prepare_url(url, params)
_ _ _ _ _ _ _ _ _ _ _ _ _ _ _ _ _ _ _ _ _ _ _ _ _ _ _ _ _ _ _ _ _ _ _ _ _ _ _ _

self = <PreparedRequest [POST]>, url = '/api/auth/login', params = OrderedDict()

    def prepare_url(self, url, params):
        """Prepares the given HTTP URL."""
        #: Accept objects that have string representations.
        #: We're unable to blindly call unicode/str functions
        #: as this will include the bytestring indicator (b'')
        #: on python 3.x.
        #: https://github.com/psf/requests/pull/2238
        if isinstance(url, bytes):
            url = url.decode("utf8")
        else:
            url = str(url)
    
        # Remove leading whitespaces from url
        url = url.lstrip()
    
        # Don't do any URL preparation for non-HTTP schemes like `mailto`,
        # `data` etc to work around exceptions from `url_parse`, which
        # handles RFC 3986 only.
        if ":" in url and not url.lower().startswith("http"):
            self.url = url
            return
    
        # Support for unicode domain names and paths.
        try:
            scheme, auth, host, port, path, query, fragment = parse_url(url)
        except LocationParseError as e:
            raise InvalidURL(*e.args)
    
        if not scheme:
>           raise MissingSchema(
                f"Invalid URL {url!r}: No scheme supplied. "
                f"Perhaps you meant https://{url}?"
            )
E           requests.exceptions.MissingSchema: Invalid URL '/api/auth/login': No scheme supplied. Perhaps you meant https:///api/auth/login?

C:\Users\massm\AppData\Local\Programs\Python\Python311\Lib\site-packages\requests\models.py:438: MissingSchema
___________ ERROR at setup of TestSubjectMapping.test_get_subjects ____________

self = <test_erp_enhanced.TestSubjectMapping object at 0x00000239C6E892D0>

    @pytest.fixture(autouse=True)
    def setup(self):
        self.session = requests.Session()
        self.session.headers.update({"Content-Type": "application/json"})
        # Login as HOD
>       response = self.session.post(
            f"{BASE_URL}/api/auth/login",
            json=CREDENTIALS["hod"]
        )

tests\test_erp_enhanced.py:528: 
_ _ _ _ _ _ _ _ _ _ _ _ _ _ _ _ _ _ _ _ _ _ _ _ _ _ _ _ _ _ _ _ _ _ _ _ _ _ _ _
C:\Users\massm\AppData\Local\Programs\Python\Python311\Lib\site-packages\requests\sessions.py:637: in post
    return self.request("POST", url, data=data, json=json, **kwargs)
C:\Users\massm\AppData\Local\Programs\Python\Python311\Lib\site-packages\requests\sessions.py:575: in request
    prep = self.prepare_request(req)
C:\Users\massm\AppData\Local\Programs\Python\Python311\Lib\site-packages\requests\sessions.py:484: in prepare_request
    p.prepare(
C:\Users\massm\AppData\Local\Programs\Python\Python311\Lib\site-packages\requests\models.py:367: in prepare
    self.prepare_url(url, params)
_ _ _ _ _ _ _ _ _ _ _ _ _ _ _ _ _ _ _ _ _ _ _ _ _ _ _ _ _ _ _ _ _ _ _ _ _ _ _ _

self = <PreparedRequest [POST]>, url = '/api/auth/login', params = OrderedDict()

    def prepare_url(self, url, params):
        """Prepares the given HTTP URL."""
        #: Accept objects that have string representations.
        #: We're unable to blindly call unicode/str functions
        #: as this will include the bytestring indicator (b'')
        #: on python 3.x.
        #: https://github.com/psf/requests/pull/2238
        if isinstance(url, bytes):
            url = url.decode("utf8")
        else:
            url = str(url)
    
        # Remove leading whitespaces from url
        url = url.lstrip()
    
        # Don't do any URL preparation for non-HTTP schemes like `mailto`,
        # `data` etc to work around exceptions from `url_parse`, which
        # handles RFC 3986 only.
        if ":" in url and not url.lower().startswith("http"):
            self.url = url
            return
    
        # Support for unicode domain names and paths.
        try:
            scheme, auth, host, port, path, query, fragment = parse_url(url)
        except LocationParseError as e:
            raise InvalidURL(*e.args)
    
        if not scheme:
>           raise MissingSchema(
                f"Invalid URL {url!r}: No scheme supplied. "
                f"Perhaps you meant https://{url}?"
            )
E           requests.exceptions.MissingSchema: Invalid URL '/api/auth/login': No scheme supplied. Perhaps you meant https:///api/auth/login?

C:\Users\massm\AppData\Local\Programs\Python\Python311\Lib\site-packages\requests\models.py:438: MissingSchema
___________ ERROR at setup of TestSubjectMapping.test_get_mappings ____________

self = <test_erp_enhanced.TestSubjectMapping object at 0x00000239C6E899D0>

    @pytest.fixture(autouse=True)
    def setup(self):
        self.session = requests.Session()
        self.session.headers.update({"Content-Type": "application/json"})
        # Login as HOD
>       response = self.session.post(
            f"{BASE_URL}/api/auth/login",
            json=CREDENTIALS["hod"]
        )

tests\test_erp_enhanced.py:528: 
_ _ _ _ _ _ _ _ _ _ _ _ _ _ _ _ _ _ _ _ _ _ _ _ _ _ _ _ _ _ _ _ _ _ _ _ _ _ _ _
C:\Users\massm\AppData\Local\Programs\Python\Python311\Lib\site-packages\requests\sessions.py:637: in post
    return self.request("POST", url, data=data, json=json, **kwargs)
C:\Users\massm\AppData\Local\Programs\Python\Python311\Lib\site-packages\requests\sessions.py:575: in request
    prep = self.prepare_request(req)
C:\Users\massm\AppData\Local\Programs\Python\Python311\Lib\site-packages\requests\sessions.py:484: in prepare_request
    p.prepare(
C:\Users\massm\AppData\Local\Programs\Python\Python311\Lib\site-packages\requests\models.py:367: in prepare
    self.prepare_url(url, params)
_ _ _ _ _ _ _ _ _ _ _ _ _ _ _ _ _ _ _ _ _ _ _ _ _ _ _ _ _ _ _ _ _ _ _ _ _ _ _ _

self = <PreparedRequest [POST]>, url = '/api/auth/login', params = OrderedDict()

    def prepare_url(self, url, params):
        """Prepares the given HTTP URL."""
        #: Accept objects that have string representations.
        #: We're unable to blindly call unicode/str functions
        #: as this will include the bytestring indicator (b'')
        #: on python 3.x.
        #: https://github.com/psf/requests/pull/2238
        if isinstance(url, bytes):
            url = url.decode("utf8")
        else:
            url = str(url)
    
        # Remove leading whitespaces from url
        url = url.lstrip()
    
        # Don't do any URL preparation for non-HTTP schemes like `mailto`,
        # `data` etc to work around exceptions from `url_parse`, which
        # handles RFC 3986 only.
        if ":" in url and not url.lower().startswith("http"):
            self.url = url
            return
    
        # Support for unicode domain names and paths.
        try:
            scheme, auth, host, port, path, query, fragment = parse_url(url)
        except LocationParseError as e:
            raise InvalidURL(*e.args)
    
        if not scheme:
>           raise MissingSchema(
                f"Invalid URL {url!r}: No scheme supplied. "
                f"Perhaps you meant https://{url}?"
            )
E           requests.exceptions.MissingSchema: Invalid URL '/api/auth/login': No scheme supplied. Perhaps you meant https:///api/auth/login?

C:\Users\massm\AppData\Local\Programs\Python\Python311\Lib\site-packages\requests\models.py:438: MissingSchema
_________ ERROR at setup of TestFacultyDashboard.test_faculty_profile _________

self = <test_erp_enhanced.TestFacultyDashboard object at 0x00000239C6E88210>

    @pytest.fixture(autouse=True)
    def setup(self):
        self.session = requests.Session()
        self.session.headers.update({"Content-Type": "application/json"})
        # Login as faculty
>       response = self.session.post(
            f"{BASE_URL}/api/auth/login",
            json=CREDENTIALS["faculty"]
        )

tests\test_erp_enhanced.py:559: 
_ _ _ _ _ _ _ _ _ _ _ _ _ _ _ _ _ _ _ _ _ _ _ _ _ _ _ _ _ _ _ _ _ _ _ _ _ _ _ _
C:\Users\massm\AppData\Local\Programs\Python\Python311\Lib\site-packages\requests\sessions.py:637: in post
    return self.request("POST", url, data=data, json=json, **kwargs)
C:\Users\massm\AppData\Local\Programs\Python\Python311\Lib\site-packages\requests\sessions.py:575: in request
    prep = self.prepare_request(req)
C:\Users\massm\AppData\Local\Programs\Python\Python311\Lib\site-packages\requests\sessions.py:484: in prepare_request
    p.prepare(
C:\Users\massm\AppData\Local\Programs\Python\Python311\Lib\site-packages\requests\models.py:367: in prepare
    self.prepare_url(url, params)
_ _ _ _ _ _ _ _ _ _ _ _ _ _ _ _ _ _ _ _ _ _ _ _ _ _ _ _ _ _ _ _ _ _ _ _ _ _ _ _

self = <PreparedRequest [POST]>, url = '/api/auth/login', params = OrderedDict()

    def prepare_url(self, url, params):
        """Prepares the given HTTP URL."""
        #: Accept objects that have string representations.
        #: We're unable to blindly call unicode/str functions
        #: as this will include the bytestring indicator (b'')
        #: on python 3.x.
        #: https://github.com/psf/requests/pull/2238
        if isinstance(url, bytes):
            url = url.decode("utf8")
        else:
            url = str(url)
    
        # Remove leading whitespaces from url
        url = url.lstrip()
    
        # Don't do any URL preparation for non-HTTP schemes like `mailto`,
        # `data` etc to work around exceptions from `url_parse`, which
        # handles RFC 3986 only.
        if ":" in url and not url.lower().startswith("http"):
            self.url = url
            return
    
        # Support for unicode domain names and paths.
        try:
            scheme, auth, host, port, path, query, fragment = parse_url(url)
        except LocationParseError as e:
            raise InvalidURL(*e.args)
    
        if not scheme:
>           raise MissingSchema(
                f"Invalid URL {url!r}: No scheme supplied. "
                f"Perhaps you meant https://{url}?"
            )
E           requests.exceptions.MissingSchema: Invalid URL '/api/auth/login': No scheme supplied. Perhaps you meant https:///api/auth/login?

C:\Users\massm\AppData\Local\Programs\Python\Python311\Lib\site-packages\requests\models.py:438: MissingSchema
___ ERROR at setup of TestFacultyDashboard.test_get_students_for_attendance ___

self = <test_erp_enhanced.TestFacultyDashboard object at 0x00000239C6E8A3D0>

    @pytest.fixture(autouse=True)
    def setup(self):
        self.session = requests.Session()
        self.session.headers.update({"Content-Type": "application/json"})
        # Login as faculty
>       response = self.session.post(
            f"{BASE_URL}/api/auth/login",
            json=CREDENTIALS["faculty"]
        )

tests\test_erp_enhanced.py:559: 
_ _ _ _ _ _ _ _ _ _ _ _ _ _ _ _ _ _ _ _ _ _ _ _ _ _ _ _ _ _ _ _ _ _ _ _ _ _ _ _
C:\Users\massm\AppData\Local\Programs\Python\Python311\Lib\site-packages\requests\sessions.py:637: in post
    return self.request("POST", url, data=data, json=json, **kwargs)
C:\Users\massm\AppData\Local\Programs\Python\Python311\Lib\site-packages\requests\sessions.py:575: in request
    prep = self.prepare_request(req)
C:\Users\massm\AppData\Local\Programs\Python\Python311\Lib\site-packages\requests\sessions.py:484: in prepare_request
    p.prepare(
C:\Users\massm\AppData\Local\Programs\Python\Python311\Lib\site-packages\requests\models.py:367: in prepare
    self.prepare_url(url, params)
_ _ _ _ _ _ _ _ _ _ _ _ _ _ _ _ _ _ _ _ _ _ _ _ _ _ _ _ _ _ _ _ _ _ _ _ _ _ _ _

self = <PreparedRequest [POST]>, url = '/api/auth/login', params = OrderedDict()

    def prepare_url(self, url, params):
        """Prepares the given HTTP URL."""
        #: Accept objects that have string representations.
        #: We're unable to blindly call unicode/str functions
        #: as this will include the bytestring indicator (b'')
        #: on python 3.x.
        #: https://github.com/psf/requests/pull/2238
        if isinstance(url, bytes):
            url = url.decode("utf8")
        else:
            url = str(url)
    
        # Remove leading whitespaces from url
        url = url.lstrip()
    
        # Don't do any URL preparation for non-HTTP schemes like `mailto`,
        # `data` etc to work around exceptions from `url_parse`, which
        # handles RFC 3986 only.
        if ":" in url and not url.lower().startswith("http"):
            self.url = url
            return
    
        # Support for unicode domain names and paths.
        try:
            scheme, auth, host, port, path, query, fragment = parse_url(url)
        except LocationParseError as e:
            raise InvalidURL(*e.args)
    
        if not scheme:
>           raise MissingSchema(
                f"Invalid URL {url!r}: No scheme supplied. "
                f"Perhaps you meant https://{url}?"
            )
E           requests.exceptions.MissingSchema: Invalid URL '/api/auth/login': No scheme supplied. Perhaps you meant https:///api/auth/login?

C:\Users\massm\AppData\Local\Programs\Python\Python311\Lib\site-packages\requests\models.py:438: MissingSchema
___________ ERROR at setup of TestAdminDashboard.test_get_students ____________

self = <test_erp_enhanced.TestAdminDashboard object at 0x00000239C6E8AC50>

    @pytest.fixture(autouse=True)
    def setup(self):
        self.session = requests.Session()
        self.session.headers.update({"Content-Type": "application/json"})
        # Login as admin
>       response = self.session.post(
            f"{BASE_URL}/api/auth/login",
            json=CREDENTIALS["admin"]
        )

tests\test_erp_enhanced.py:587: 
_ _ _ _ _ _ _ _ _ _ _ _ _ _ _ _ _ _ _ _ _ _ _ _ _ _ _ _ _ _ _ _ _ _ _ _ _ _ _ _
C:\Users\massm\AppData\Local\Programs\Python\Python311\Lib\site-packages\requests\sessions.py:637: in post
    return self.request("POST", url, data=data, json=json, **kwargs)
C:\Users\massm\AppData\Local\Programs\Python\Python311\Lib\site-packages\requests\sessions.py:575: in request
    prep = self.prepare_request(req)
C:\Users\massm\AppData\Local\Programs\Python\Python311\Lib\site-packages\requests\sessions.py:484: in prepare_request
    p.prepare(
C:\Users\massm\AppData\Local\Programs\Python\Python311\Lib\site-packages\requests\models.py:367: in prepare
    self.prepare_url(url, params)
_ _ _ _ _ _ _ _ _ _ _ _ _ _ _ _ _ _ _ _ _ _ _ _ _ _ _ _ _ _ _ _ _ _ _ _ _ _ _ _

self = <PreparedRequest [POST]>, url = '/api/auth/login', params = OrderedDict()

    def prepare_url(self, url, params):
        """Prepares the given HTTP URL."""
        #: Accept objects that have string representations.
        #: We're unable to blindly call unicode/str functions
        #: as this will include the bytestring indicator (b'')
        #: on python 3.x.
        #: https://github.com/psf/requests/pull/2238
        if isinstance(url, bytes):
            url = url.decode("utf8")
        else:
            url = str(url)
    
        # Remove leading whitespaces from url
        url = url.lstrip()
    
        # Don't do any URL preparation for non-HTTP schemes like `mailto`,
        # `data` etc to work around exceptions from `url_parse`, which
        # handles RFC 3986 only.
        if ":" in url and not url.lower().startswith("http"):
            self.url = url
            return
    
        # Support for unicode domain names and paths.
        try:
            scheme, auth, host, port, path, query, fragment = parse_url(url)
        except LocationParseError as e:
            raise InvalidURL(*e.args)
    
        if not scheme:
>           raise MissingSchema(
                f"Invalid URL {url!r}: No scheme supplied. "
                f"Perhaps you meant https://{url}?"
            )
E           requests.exceptions.MissingSchema: Invalid URL '/api/auth/login': No scheme supplied. Perhaps you meant https:///api/auth/login?

C:\Users\massm\AppData\Local\Programs\Python\Python311\Lib\site-packages\requests\models.py:438: MissingSchema
____________ ERROR at setup of TestAdminDashboard.test_get_faculty ____________

self = <test_erp_enhanced.TestAdminDashboard object at 0x00000239C6E8B350>

    @pytest.fixture(autouse=True)
    def setup(self):
        self.session = requests.Session()
        self.session.headers.update({"Content-Type": "application/json"})
        # Login as admin
>       response = self.session.post(
            f"{BASE_URL}/api/auth/login",
            json=CREDENTIALS["admin"]
        )

tests\test_erp_enhanced.py:587: 
_ _ _ _ _ _ _ _ _ _ _ _ _ _ _ _ _ _ _ _ _ _ _ _ _ _ _ _ _ _ _ _ _ _ _ _ _ _ _ _
C:\Users\massm\AppData\Local\Programs\Python\Python311\Lib\site-packages\requests\sessions.py:637: in post
    return self.request("POST", url, data=data, json=json, **kwargs)
C:\Users\massm\AppData\Local\Programs\Python\Python311\Lib\site-packages\requests\sessions.py:575: in request
    prep = self.prepare_request(req)
C:\Users\massm\AppData\Local\Programs\Python\Python311\Lib\site-packages\requests\sessions.py:484: in prepare_request
    p.prepare(
C:\Users\massm\AppData\Local\Programs\Python\Python311\Lib\site-packages\requests\models.py:367: in prepare
    self.prepare_url(url, params)
_ _ _ _ _ _ _ _ _ _ _ _ _ _ _ _ _ _ _ _ _ _ _ _ _ _ _ _ _ _ _ _ _ _ _ _ _ _ _ _

self = <PreparedRequest [POST]>, url = '/api/auth/login', params = OrderedDict()

    def prepare_url(self, url, params):
        """Prepares the given HTTP URL."""
        #: Accept objects that have string representations.
        #: We're unable to blindly call unicode/str functions
        #: as this will include the bytestring indicator (b'')
        #: on python 3.x.
        #: https://github.com/psf/requests/pull/2238
        if isinstance(url, bytes):
            url = url.decode("utf8")
        else:
            url = str(url)
    
        # Remove leading whitespaces from url
        url = url.lstrip()
    
        # Don't do any URL preparation for non-HTTP schemes like `mailto`,
        # `data` etc to work around exceptions from `url_parse`, which
        # handles RFC 3986 only.
        if ":" in url and not url.lower().startswith("http"):
            self.url = url
            return
    
        # Support for unicode domain names and paths.
        try:
            scheme, auth, host, port, path, query, fragment = parse_url(url)
        except LocationParseError as e:
            raise InvalidURL(*e.args)
    
        if not scheme:
>           raise MissingSchema(
                f"Invalid URL {url!r}: No scheme supplied. "
                f"Perhaps you meant https://{url}?"
            )
E           requests.exceptions.MissingSchema: Invalid URL '/api/auth/login': No scheme supplied. Perhaps you meant https:///api/auth/login?

C:\Users\massm\AppData\Local\Programs\Python\Python311\Lib\site-packages\requests\models.py:438: MissingSchema
_____ ERROR at setup of TestAdminDashboard.test_get_pending_verifications _____

self = <test_erp_enhanced.TestAdminDashboard object at 0x00000239C6E8BA50>

    @pytest.fixture(autouse=True)
    def setup(self):
        self.session = requests.Session()
        self.session.headers.update({"Content-Type": "application/json"})
        # Login as admin
>       response = self.session.post(
            f"{BASE_URL}/api/auth/login",
            json=CREDENTIALS["admin"]
        )

tests\test_erp_enhanced.py:587: 
_ _ _ _ _ _ _ _ _ _ _ _ _ _ _ _ _ _ _ _ _ _ _ _ _ _ _ _ _ _ _ _ _ _ _ _ _ _ _ _
C:\Users\massm\AppData\Local\Programs\Python\Python311\Lib\site-packages\requests\sessions.py:637: in post
    return self.request("POST", url, data=data, json=json, **kwargs)
C:\Users\massm\AppData\Local\Programs\Python\Python311\Lib\site-packages\requests\sessions.py:575: in request
    prep = self.prepare_request(req)
C:\Users\massm\AppData\Local\Programs\Python\Python311\Lib\site-packages\requests\sessions.py:484: in prepare_request
    p.prepare(
C:\Users\massm\AppData\Local\Programs\Python\Python311\Lib\site-packages\requests\models.py:367: in prepare
    self.prepare_url(url, params)
_ _ _ _ _ _ _ _ _ _ _ _ _ _ _ _ _ _ _ _ _ _ _ _ _ _ _ _ _ _ _ _ _ _ _ _ _ _ _ _

self = <PreparedRequest [POST]>, url = '/api/auth/login', params = OrderedDict()

    def prepare_url(self, url, params):
        """Prepares the given HTTP URL."""
        #: Accept objects that have string representations.
        #: We're unable to blindly call unicode/str functions
        #: as this will include the bytestring indicator (b'')
        #: on python 3.x.
        #: https://github.com/psf/requests/pull/2238
        if isinstance(url, bytes):
            url = url.decode("utf8")
        else:
            url = str(url)
    
        # Remove leading whitespaces from url
        url = url.lstrip()
    
        # Don't do any URL preparation for non-HTTP schemes like `mailto`,
        # `data` etc to work around exceptions from `url_parse`, which
        # handles RFC 3986 only.
        if ":" in url and not url.lower().startswith("http"):
            self.url = url
            return
    
        # Support for unicode domain names and paths.
        try:
            scheme, auth, host, port, path, query, fragment = parse_url(url)
        except LocationParseError as e:
            raise InvalidURL(*e.args)
    
        if not scheme:
>           raise MissingSchema(
                f"Invalid URL {url!r}: No scheme supplied. "
                f"Perhaps you meant https://{url}?"
            )
E           requests.exceptions.MissingSchema: Invalid URL '/api/auth/login': No scheme supplied. Perhaps you meant https:///api/auth/login?

C:\Users\massm\AppData\Local\Programs\Python\Python311\Lib\site-packages\requests\models.py:438: MissingSchema
___ ERROR at setup of TestAttendanceAnalytics.test_get_attendance_analytics ___

self = <test_erp_enhanced.TestAttendanceAnalytics object at 0x00000239C6E90910>

    @pytest.fixture(autouse=True)
    def setup(self):
        self.session = requests.Session()
        self.session.headers.update({"Content-Type": "application/json"})
        # Login as principal
>       response = self.session.post(
            f"{BASE_URL}/api/auth/login",
            json=CREDENTIALS["principal"]
        )

tests\test_erp_enhanced.py:618: 
_ _ _ _ _ _ _ _ _ _ _ _ _ _ _ _ _ _ _ _ _ _ _ _ _ _ _ _ _ _ _ _ _ _ _ _ _ _ _ _
C:\Users\massm\AppData\Local\Programs\Python\Python311\Lib\site-packages\requests\sessions.py:637: in post
    return self.request("POST", url, data=data, json=json, **kwargs)
C:\Users\massm\AppData\Local\Programs\Python\Python311\Lib\site-packages\requests\sessions.py:575: in request
    prep = self.prepare_request(req)
C:\Users\massm\AppData\Local\Programs\Python\Python311\Lib\site-packages\requests\sessions.py:484: in prepare_request
    p.prepare(
C:\Users\massm\AppData\Local\Programs\Python\Python311\Lib\site-packages\requests\models.py:367: in prepare
    self.prepare_url(url, params)
_ _ _ _ _ _ _ _ _ _ _ _ _ _ _ _ _ _ _ _ _ _ _ _ _ _ _ _ _ _ _ _ _ _ _ _ _ _ _ _

self = <PreparedRequest [POST]>, url = '/api/auth/login', params = OrderedDict()

    def prepare_url(self, url, params):
        """Prepares the given HTTP URL."""
        #: Accept objects that have string representations.
        #: We're unable to blindly call unicode/str functions
        #: as this will include the bytestring indicator (b'')
        #: on python 3.x.
        #: https://github.com/psf/requests/pull/2238
        if isinstance(url, bytes):
            url = url.decode("utf8")
        else:
            url = str(url)
    
        # Remove leading whitespaces from url
        url = url.lstrip()
    
        # Don't do any URL preparation for non-HTTP schemes like `mailto`,
        # `data` etc to work around exceptions from `url_parse`, which
        # handles RFC 3986 only.
        if ":" in url and not url.lower().startswith("http"):
            self.url = url
            return
    
        # Support for unicode domain names and paths.
        try:
            scheme, auth, host, port, path, query, fragment = parse_url(url)
        except LocationParseError as e:
            raise InvalidURL(*e.args)
    
        if not scheme:
>           raise MissingSchema(
                f"Invalid URL {url!r}: No scheme supplied. "
                f"Perhaps you meant https://{url}?"
            )
E           requests.exceptions.MissingSchema: Invalid URL '/api/auth/login': No scheme supplied. Perhaps you meant https:///api/auth/login?

C:\Users\massm\AppData\Local\Programs\Python\Python311\Lib\site-packages\requests\models.py:438: MissingSchema
================================== FAILURES ===================================
_______________________ test_login_invalid_credentials ________________________

client = <starlette.testclient.TestClient object at 0x00000239C6A18490>

    def test_login_invalid_credentials(client: TestClient):
        response = client.post(
            "/api/login",
            json={"email": "wrong@example.com", "password": "wrongpassword"}
        )
>       assert response.status_code == 401
E       assert 405 == 401
E        +  where 405 = <Response [405 Method Not Allowed]>.status_code

tests\test_auth.py:17: AssertionError
---------------------------- Captured stdout call -----------------------------
2026-03-07 00:00:48,073 - [RID:8c34764c-de33-4898-83f7-5f11dcd01448] - root - INFO - Method: POST Path: /api/login Status: 405 ProcessTime: 0.0010s
---------------------------- Captured stderr call -----------------------------
--- Logging error ---
Traceback (most recent call last):
  File "C:\Users\massm\AppData\Local\Programs\Python\Python311\Lib\logging\__init__.py", line 449, in format
    return self._format(record)
           ^^^^^^^^^^^^^^^^^^^^
  File "C:\Users\massm\AppData\Local\Programs\Python\Python311\Lib\logging\__init__.py", line 445, in _format
    return self._fmt % values
           ~~~~~~~~~~^~~~~~~~
KeyError: 'request_id'

During handling of the above exception, another exception occurred:

Traceback (most recent call last):
  File "C:\Users\massm\AppData\Local\Programs\Python\Python311\Lib\logging\__init__.py", line 1110, in emit
    msg = self.format(record)
          ^^^^^^^^^^^^^^^^^^^
  File "C:\Users\massm\AppData\Local\Programs\Python\Python311\Lib\logging\__init__.py", line 953, in format
    return fmt.format(record)
           ^^^^^^^^^^^^^^^^^^
  File "C:\Users\massm\AppData\Local\Programs\Python\Python311\Lib\logging\__init__.py", line 690, in format
    s = self.formatMessage(record)
        ^^^^^^^^^^^^^^^^^^^^^^^^^^
  File "C:\Users\massm\AppData\Local\Programs\Python\Python311\Lib\logging\__init__.py", line 659, in formatMessage
    return self._style.format(record)
           ^^^^^^^^^^^^^^^^^^^^^^^^^^
  File "C:\Users\massm\AppData\Local\Programs\Python\Python311\Lib\logging\__init__.py", line 451, in format
    raise ValueError('Formatting field not found in record: %s' % e)
ValueError: Formatting field not found in record: 'request_id'
Call stack:
  File "<frozen runpy>", line 198, in _run_module_as_main
  File "<frozen runpy>", line 88, in _run_code
  File "C:\Users\massm\AppData\Local\Programs\Python\Python311\Lib\site-packages\pytest\__main__.py", line 7, in <module>
    raise SystemExit(pytest.console_main())
  File "C:\Users\massm\AppData\Local\Programs\Python\Python311\Lib\site-packages\_pytest\config\__init__.py", line 198, in console_main
    code = main()
  File "C:\Users\massm\AppData\Local\Programs\Python\Python311\Lib\site-packages\_pytest\config\__init__.py", line 175, in main
    ret: Union[ExitCode, int] = config.hook.pytest_cmdline_main(
  File "C:\Users\massm\AppData\Local\Programs\Python\Python311\Lib\site-packages\pluggy\_hooks.py", line 513, in __call__
    return self._hookexec(self.name, self._hookimpls.copy(), kwargs, firstresult)
  File "C:\Users\massm\AppData\Local\Programs\Python\Python311\Lib\site-packages\pluggy\_manager.py", line 120, in _hookexec
    return self._inner_hookexec(hook_name, methods, kwargs, firstresult)
  File "C:\Users\massm\AppData\Local\Programs\Python\Python311\Lib\site-packages\pluggy\_callers.py", line 103, in _multicall
    res = hook_impl.function(*args)
  File "C:\Users\massm\AppData\Local\Programs\Python\Python311\Lib\site-packages\_pytest\main.py", line 320, in pytest_cmdline_main
    return wrap_session(config, _main)
  File "C:\Users\massm\AppData\Local\Programs\Python\Python311\Lib\site-packages\_pytest\main.py", line 273, in wrap_session
    session.exitstatus = doit(config, session) or 0
  File "C:\Users\massm\AppData\Local\Programs\Python\Python311\Lib\site-packages\_pytest\main.py", line 327, in _main
    config.hook.pytest_runtestloop(session=session)
  File "C:\Users\massm\AppData\Local\Programs\Python\Python311\Lib\site-packages\pluggy\_hooks.py", line 513, in __call__
    return self._hookexec(self.name, self._hookimpls.copy(), kwargs, firstresult)
  File "C:\Users\massm\AppData\Local\Programs\Python\Python311\Lib\site-packages\pluggy\_manager.py", line 120, in _hookexec
    return self._inner_hookexec(hook_name, methods, kwargs, firstresult)
  File "C:\Users\massm\AppData\Local\Programs\Python\Python311\Lib\site-packages\pluggy\_callers.py", line 103, in _multicall
    res = hook_impl.function(*args)
  File "C:\Users\massm\AppData\Local\Programs\Python\Python311\Lib\site-packages\_pytest\main.py", line 352, in pytest_runtestloop
    item.config.hook.pytest_runtest_protocol(item=item, nextitem=nextitem)
  File "C:\Users\massm\AppData\Local\Programs\Python\Python311\Lib\site-packages\pluggy\_hooks.py", line 513, in __call__
    return self._hookexec(self.name, self._hookimpls.copy(), kwargs, firstresult)
  File "C:\Users\massm\AppData\Local\Programs\Python\Python311\Lib\site-packages\pluggy\_manager.py", line 120, in _hookexec
    return self._inner_hookexec(hook_name, methods, kwargs, firstresult)
  File "C:\Users\massm\AppData\Local\Programs\Python\Python311\Lib\site-packages\pluggy\_callers.py", line 103, in _multicall
    res = hook_impl.function(*args)
  File "C:\Users\massm\AppData\Local\Programs\Python\Python311\Lib\site-packages\_pytest\runner.py", line 115, in pytest_runtest_protocol
    runtestprotocol(item, nextitem=nextitem)
  File "C:\Users\massm\AppData\Local\Programs\Python\Python311\Lib\site-packages\_pytest\runner.py", line 134, in runtestprotocol
    reports.append(call_and_report(item, "call", log))
  File "C:\Users\massm\AppData\Local\Programs\Python\Python311\Lib\site-packages\_pytest\runner.py", line 223, in call_and_report
    call = call_runtest_hook(item, when, **kwds)
  File "C:\Users\massm\AppData\Local\Programs\Python\Python311\Lib\site-packages\_pytest\runner.py", line 262, in call_runtest_hook
    return CallInfo.from_call(
  File "C:\Users\massm\AppData\Local\Programs\Python\Python311\Lib\site-packages\_pytest\runner.py", line 342, in from_call
    result: Optional[TResult] = func()
  File "C:\Users\massm\AppData\Local\Programs\Python\Python311\Lib\site-packages\_pytest\runner.py", line 263, in <lambda>
    lambda: ihook(item=item, **kwds), when=when, reraise=reraise
  File "C:\Users\massm\AppData\Local\Programs\Python\Python311\Lib\site-packages\pluggy\_hooks.py", line 513, in __call__
    return self._hookexec(self.name, self._hookimpls.copy(), kwargs, firstresult)
  File "C:\Users\massm\AppData\Local\Programs\Python\Python311\Lib\site-packages\pluggy\_manager.py", line 120, in _hookexec
    return self._inner_hookexec(hook_name, methods, kwargs, firstresult)
  File "C:\Users\massm\AppData\Local\Programs\Python\Python311\Lib\site-packages\pluggy\_callers.py", line 103, in _multicall
    res = hook_impl.function(*args)
  File "C:\Users\massm\AppData\Local\Programs\Python\Python311\Lib\site-packages\_pytest\runner.py", line 170, in pytest_runtest_call
    item.runtest()
  File "C:\Users\massm\AppData\Local\Programs\Python\Python311\Lib\site-packages\_pytest\python.py", line 1831, in runtest
    self.ihook.pytest_pyfunc_call(pyfuncitem=self)
  File "C:\Users\massm\AppData\Local\Programs\Python\Python311\Lib\site-packages\pluggy\_hooks.py", line 513, in __call__
    return self._hookexec(self.name, self._hookimpls.copy(), kwargs, firstresult)
  File "C:\Users\massm\AppData\Local\Programs\Python\Python311\Lib\site-packages\pluggy\_manager.py", line 120, in _hookexec
    return self._inner_hookexec(hook_name, methods, kwargs, firstresult)
  File "C:\Users\massm\AppData\Local\Programs\Python\Python311\Lib\site-packages\pluggy\_callers.py", line 103, in _multicall
    res = hook_impl.function(*args)
  File "C:\Users\massm\AppData\Local\Programs\Python\Python311\Lib\site-packages\_pytest\python.py", line 194, in pytest_pyfunc_call
    result = testfunction(**testargs)
  File "D:\college2-main\backend\tests\test_auth.py", line 13, in test_login_invalid_credentials
    response = client.post(
  File "C:\Users\massm\AppData\Local\Programs\Python\Python311\Lib\site-packages\starlette\testclient.py", line 608, in post
    return super().post(
  File "C:\Users\massm\AppData\Local\Programs\Python\Python311\Lib\site-packages\httpx\_client.py", line 1145, in post
    return self.request(
  File "C:\Users\massm\AppData\Local\Programs\Python\Python311\Lib\site-packages\starlette\testclient.py", line 491, in request
    return super().request(
  File "C:\Users\massm\AppData\Local\Programs\Python\Python311\Lib\site-packages\httpx\_client.py", line 827, in request
    return self.send(request, auth=auth, follow_redirects=follow_redirects)
  File "C:\Users\massm\AppData\Local\Programs\Python\Python311\Lib\site-packages\httpx\_client.py", line 914, in send
    response = self._send_handling_auth(
  File "C:\Users\massm\AppData\Local\Programs\Python\Python311\Lib\site-packages\httpx\_client.py", line 942, in _send_handling_auth
    response = self._send_handling_redirects(
  File "C:\Users\massm\AppData\Local\Programs\Python\Python311\Lib\site-packages\httpx\_client.py", line 979, in _send_handling_redirects
    response = self._send_single_request(request)
  File "C:\Users\massm\AppData\Local\Programs\Python\Python311\Lib\site-packages\httpx\_client.py", line 1026, in _send_single_request
    logger.info(
Message: 'HTTP Request: %s %s "%s %d %s"'
Arguments: ('POST', URL('http://testserver/api/login'), 'HTTP/1.1', 405, 'Method Not Allowed')
--- Logging error ---
Traceback (most recent call last):
  File "C:\Users\massm\AppData\Local\Programs\Python\Python311\Lib\logging\__init__.py", line 449, in format
    return self._format(record)
           ^^^^^^^^^^^^^^^^^^^^
  File "C:\Users\massm\AppData\Local\Programs\Python\Python311\Lib\logging\__init__.py", line 445, in _format
    return self._fmt % values
           ~~~~~~~~~~^~~~~~~~
KeyError: 'request_id'

During handling of the above exception, another exception occurred:

Traceback (most recent call last):
  File "C:\Users\massm\AppData\Local\Programs\Python\Python311\Lib\logging\__init__.py", line 1110, in emit
    msg = self.format(record)
          ^^^^^^^^^^^^^^^^^^^
  File "C:\Users\massm\AppData\Local\Programs\Python\Python311\Lib\logging\__init__.py", line 953, in format
    return fmt.format(record)
           ^^^^^^^^^^^^^^^^^^
  File "C:\Users\massm\AppData\Local\Programs\Python\Python311\Lib\logging\__init__.py", line 690, in format
    s = self.formatMessage(record)
        ^^^^^^^^^^^^^^^^^^^^^^^^^^
  File "C:\Users\massm\AppData\Local\Programs\Python\Python311\Lib\logging\__init__.py", line 659, in formatMessage
    return self._style.format(record)
           ^^^^^^^^^^^^^^^^^^^^^^^^^^
  File "C:\Users\massm\AppData\Local\Programs\Python\Python311\Lib\logging\__init__.py", line 451, in format
    raise ValueError('Formatting field not found in record: %s' % e)
ValueError: Formatting field not found in record: 'request_id'
Call stack:
  File "<frozen runpy>", line 198, in _run_module_as_main
  File "<frozen runpy>", line 88, in _run_code
  File "C:\Users\massm\AppData\Local\Programs\Python\Python311\Lib\site-packages\pytest\__main__.py", line 7, in <module>
    raise SystemExit(pytest.console_main())
  File "C:\Users\massm\AppData\Local\Programs\Python\Python311\Lib\site-packages\_pytest\config\__init__.py", line 198, in console_main
    code = main()
  File "C:\Users\massm\AppData\Local\Programs\Python\Python311\Lib\site-packages\_pytest\config\__init__.py", line 175, in main
    ret: Union[ExitCode, int] = config.hook.pytest_cmdline_main(
  File "C:\Users\massm\AppData\Local\Programs\Python\Python311\Lib\site-packages\pluggy\_hooks.py", line 513, in __call__
    return self._hookexec(self.name, self._hookimpls.copy(), kwargs, firstresult)
  File "C:\Users\massm\AppData\Local\Programs\Python\Python311\Lib\site-packages\pluggy\_manager.py", line 120, in _hookexec
    return self._inner_hookexec(hook_name, methods, kwargs, firstresult)
  File "C:\Users\massm\AppData\Local\Programs\Python\Python311\Lib\site-packages\pluggy\_callers.py", line 103, in _multicall
    res = hook_impl.function(*args)
  File "C:\Users\massm\AppData\Local\Programs\Python\Python311\Lib\site-packages\_pytest\main.py", line 320, in pytest_cmdline_main
    return wrap_session(config, _main)
  File "C:\Users\massm\AppData\Local\Programs\Python\Python311\Lib\site-packages\_pytest\main.py", line 273, in wrap_session
    session.exitstatus = doit(config, session) or 0
  File "C:\Users\massm\AppData\Local\Programs\Python\Python311\Lib\site-packages\_pytest\main.py", line 327, in _main
    config.hook.pytest_runtestloop(session=session)
  File "C:\Users\massm\AppData\Local\Programs\Python\Python311\Lib\site-packages\pluggy\_hooks.py", line 513, in __call__
    return self._hookexec(self.name, self._hookimpls.copy(), kwargs, firstresult)
  File "C:\Users\massm\AppData\Local\Programs\Python\Python311\Lib\site-packages\pluggy\_manager.py", line 120, in _hookexec
    return self._inner_hookexec(hook_name, methods, kwargs, firstresult)
  File "C:\Users\massm\AppData\Local\Programs\Python\Python311\Lib\site-packages\pluggy\_callers.py", line 103, in _multicall
    res = hook_impl.function(*args)
  File "C:\Users\massm\AppData\Local\Programs\Python\Python311\Lib\site-packages\_pytest\main.py", line 352, in pytest_runtestloop
    item.config.hook.pytest_runtest_protocol(item=item, nextitem=nextitem)
  File "C:\Users\massm\AppData\Local\Programs\Python\Python311\Lib\site-packages\pluggy\_hooks.py", line 513, in __call__
    return self._hookexec(self.name, self._hookimpls.copy(), kwargs, firstresult)
  File "C:\Users\massm\AppData\Local\Programs\Python\Python311\Lib\site-packages\pluggy\_manager.py", line 120, in _hookexec
    return self._inner_hookexec(hook_name, methods, kwargs, firstresult)
  File "C:\Users\massm\AppData\Local\Programs\Python\Python311\Lib\site-packages\pluggy\_callers.py", line 103, in _multicall
    res = hook_impl.function(*args)
  File "C:\Users\massm\AppData\Local\Programs\Python\Python311\Lib\site-packages\_pytest\runner.py", line 115, in pytest_runtest_protocol
    runtestprotocol(item, nextitem=nextitem)
  File "C:\Users\massm\AppData\Local\Programs\Python\Python311\Lib\site-packages\_pytest\runner.py", line 134, in runtestprotocol
    reports.append(call_and_report(item, "call", log))
  File "C:\Users\massm\AppData\Local\Programs\Python\Python311\Lib\site-packages\_pytest\runner.py", line 223, in call_and_report
    call = call_runtest_hook(item, when, **kwds)
  File "C:\Users\massm\AppData\Local\Programs\Python\Python311\Lib\site-packages\_pytest\runner.py", line 262, in call_runtest_hook
    return CallInfo.from_call(
  File "C:\Users\massm\AppData\Local\Programs\Python\Python311\Lib\site-packages\_pytest\runner.py", line 342, in from_call
    result: Optional[TResult] = func()
  File "C:\Users\massm\AppData\Local\Programs\Python\Python311\Lib\site-packages\_pytest\runner.py", line 263, in <lambda>
    lambda: ihook(item=item, **kwds), when=when, reraise=reraise
  File "C:\Users\massm\AppData\Local\Programs\Python\Python311\Lib\site-packages\pluggy\_hooks.py", line 513, in __call__
    return self._hookexec(self.name, self._hookimpls.copy(), kwargs, firstresult)
  File "C:\Users\massm\AppData\Local\Programs\Python\Python311\Lib\site-packages\pluggy\_manager.py", line 120, in _hookexec
    return self._inner_hookexec(hook_name, methods, kwargs, firstresult)
  File "C:\Users\massm\AppData\Local\Programs\Python\Python311\Lib\site-packages\pluggy\_callers.py", line 103, in _multicall
    res = hook_impl.function(*args)
  File "C:\Users\massm\AppData\Local\Programs\Python\Python311\Lib\site-packages\_pytest\runner.py", line 170, in pytest_runtest_call
    item.runtest()
  File "C:\Users\massm\AppData\Local\Programs\Python\Python311\Lib\site-packages\_pytest\python.py", line 1831, in runtest
    self.ihook.pytest_pyfunc_call(pyfuncitem=self)
  File "C:\Users\massm\AppData\Local\Programs\Python\Python311\Lib\site-packages\pluggy\_hooks.py", line 513, in __call__
    return self._hookexec(self.name, self._hookimpls.copy(), kwargs, firstresult)
  File "C:\Users\massm\AppData\Local\Programs\Python\Python311\Lib\site-packages\pluggy\_manager.py", line 120, in _hookexec
    return self._inner_hookexec(hook_name, methods, kwargs, firstresult)
  File "C:\Users\massm\AppData\Local\Programs\Python\Python311\Lib\site-packages\pluggy\_callers.py", line 103, in _multicall
    res = hook_impl.function(*args)
  File "C:\Users\massm\AppData\Local\Programs\Python\Python311\Lib\site-packages\_pytest\python.py", line 194, in pytest_pyfunc_call
    result = testfunction(**testargs)
  File "D:\college2-main\backend\tests\test_auth.py", line 13, in test_login_invalid_credentials
    response = client.post(
  File "C:\Users\massm\AppData\Local\Programs\Python\Python311\Lib\site-packages\starlette\testclient.py", line 608, in post
    return super().post(
  File "C:\Users\massm\AppData\Local\Programs\Python\Python311\Lib\site-packages\httpx\_client.py", line 1145, in post
    return self.request(
  File "C:\Users\massm\AppData\Local\Programs\Python\Python311\Lib\site-packages\starlette\testclient.py", line 491, in request
    return super().request(
  File "C:\Users\massm\AppData\Local\Programs\Python\Python311\Lib\site-packages\httpx\_client.py", line 827, in request
    return self.send(request, auth=auth, follow_redirects=follow_redirects)
  File "C:\Users\massm\AppData\Local\Programs\Python\Python311\Lib\site-packages\httpx\_client.py", line 914, in send
    response = self._send_handling_auth(
  File "C:\Users\massm\AppData\Local\Programs\Python\Python311\Lib\site-packages\httpx\_client.py", line 942, in _send_handling_auth
    response = self._send_handling_redirects(
  File "C:\Users\massm\AppData\Local\Programs\Python\Python311\Lib\site-packages\httpx\_client.py", line 979, in _send_handling_redirects
    response = self._send_single_request(request)
  File "C:\Users\massm\AppData\Local\Programs\Python\Python311\Lib\site-packages\httpx\_client.py", line 1026, in _send_single_request
    logger.info(
Message: 'HTTP Request: %s %s "%s %d %s"'
Arguments: ('POST', URL('http://testserver/api/login'), 'HTTP/1.1', 405, 'Method Not Allowed')
------------------------------ Captured log call ------------------------------
INFO     root:logging.py:45 Method: POST Path: /api/login Status: 405 ProcessTime: 0.0010s
INFO     httpx:_client.py:1026 HTTP Request: POST http://testserver/api/login "HTTP/1.1 405 Method Not Allowed"
__________________________ TestAuth.test_admin_login __________________________

self = <test_erp_crud.TestAuth object at 0x00000239C6E01A50>

    def test_admin_login(self):
        """Test admin login"""
        response = requests.post(f"{BASE_URL}/api/auth/login", json=ADMIN_CREDS)
        print(f"Admin login: {response.status_code}")
>       assert response.status_code == 200
E       assert 404 == 200
E        +  where 404 = <Response [404]>.status_code

tests\test_erp_crud.py:26: AssertionError
---------------------------- Captured stdout call -----------------------------
Admin login: 404
___________________________ TestAuth.test_hod_login ___________________________

self = <test_erp_crud.TestAuth object at 0x00000239C6E02190>

    def test_hod_login(self):
        """Test HOD login"""
        response = requests.post(f"{BASE_URL}/api/auth/login", json=HOD_CREDS)
        print(f"HOD login: {response.status_code}")
>       assert response.status_code == 200
E       assert 404 == 200
E        +  where 404 = <Response [404]>.status_code

tests\test_erp_crud.py:35: AssertionError
---------------------------- Captured stdout call -----------------------------
HOD login: 404
_________________________ TestAuth.test_faculty_login _________________________

self = <test_erp_crud.TestAuth object at 0x00000239C6E028D0>

    def test_faculty_login(self):
        """Test Faculty login"""
        response = requests.post(f"{BASE_URL}/api/auth/login", json=FACULTY_CREDS)
        print(f"Faculty login: {response.status_code}")
>       assert response.status_code == 200
E       assert 404 == 200
E        +  where 404 = <Response [404]>.status_code

tests\test_erp_crud.py:44: AssertionError
---------------------------- Captured stdout call -----------------------------
Faculty login: 404
________________________ TestAuth.test_principal_login ________________________

self = <test_erp_crud.TestAuth object at 0x00000239C6E03050>

    def test_principal_login(self):
        """Test Principal login"""
        response = requests.post(f"{BASE_URL}/api/auth/login", json=PRINCIPAL_CREDS)
        print(f"Principal login: {response.status_code}")
>       assert response.status_code == 200
E       assert 404 == 200
E        +  where 404 = <Response [404]>.status_code

tests\test_erp_crud.py:53: AssertionError
---------------------------- Captured stdout call -----------------------------
Principal login: 404
_________________________ TestAuth.test_invalid_login _________________________

self = <test_erp_crud.TestAuth object at 0x00000239C6E03790>

    def test_invalid_login(self):
        """Test invalid login credentials"""
        response = requests.post(f"{BASE_URL}/api/auth/login", json={
            "email": "invalid@test.com", "password": "wrong", "role": "admin"
        })
        print(f"Invalid login: {response.status_code}")
>       assert response.status_code == 401
E       assert 404 == 401
E        +  where 404 = <Response [404]>.status_code

tests\test_erp_crud.py:64: AssertionError
---------------------------- Captured stdout call -----------------------------
Invalid login: 404
_______________ TestAuthentication.test_login_all_roles[admin] ________________

self = <test_erp_enhanced.TestAuthentication object at 0x00000239C6E58D90>
role = 'admin'

    @pytest.mark.parametrize("role", ["admin", "hod", "faculty", "principal", "student"])
    def test_login_all_roles(self, role):
        """Test login for all roles"""
>       response = self.session.post(
            f"{BASE_URL}/api/auth/login",
            json=CREDENTIALS[role]
        )

tests\test_erp_enhanced.py:35: 
_ _ _ _ _ _ _ _ _ _ _ _ _ _ _ _ _ _ _ _ _ _ _ _ _ _ _ _ _ _ _ _ _ _ _ _ _ _ _ _
C:\Users\massm\AppData\Local\Programs\Python\Python311\Lib\site-packages\requests\sessions.py:637: in post
    return self.request("POST", url, data=data, json=json, **kwargs)
C:\Users\massm\AppData\Local\Programs\Python\Python311\Lib\site-packages\requests\sessions.py:575: in request
    prep = self.prepare_request(req)
C:\Users\massm\AppData\Local\Programs\Python\Python311\Lib\site-packages\requests\sessions.py:484: in prepare_request
    p.prepare(
C:\Users\massm\AppData\Local\Programs\Python\Python311\Lib\site-packages\requests\models.py:367: in prepare
    self.prepare_url(url, params)
_ _ _ _ _ _ _ _ _ _ _ _ _ _ _ _ _ _ _ _ _ _ _ _ _ _ _ _ _ _ _ _ _ _ _ _ _ _ _ _

self = <PreparedRequest [POST]>, url = '/api/auth/login', params = OrderedDict()

    def prepare_url(self, url, params):
        """Prepares the given HTTP URL."""
        #: Accept objects that have string representations.
        #: We're unable to blindly call unicode/str functions
        #: as this will include the bytestring indicator (b'')
        #: on python 3.x.
        #: https://github.com/psf/requests/pull/2238
        if isinstance(url, bytes):
            url = url.decode("utf8")
        else:
            url = str(url)
    
        # Remove leading whitespaces from url
        url = url.lstrip()
    
        # Don't do any URL preparation for non-HTTP schemes like `mailto`,
        # `data` etc to work around exceptions from `url_parse`, which
        # handles RFC 3986 only.
        if ":" in url and not url.lower().startswith("http"):
            self.url = url
            return
    
        # Support for unicode domain names and paths.
        try:
            scheme, auth, host, port, path, query, fragment = parse_url(url)
        except LocationParseError as e:
            raise InvalidURL(*e.args)
    
        if not scheme:
>           raise MissingSchema(
                f"Invalid URL {url!r}: No scheme supplied. "
                f"Perhaps you meant https://{url}?"
            )
E           requests.exceptions.MissingSchema: Invalid URL '/api/auth/login': No scheme supplied. Perhaps you meant https:///api/auth/login?

C:\Users\massm\AppData\Local\Programs\Python\Python311\Lib\site-packages\requests\models.py:438: MissingSchema
________________ TestAuthentication.test_login_all_roles[hod] _________________

self = <test_erp_enhanced.TestAuthentication object at 0x00000239C6E59A10>
role = 'hod'

    @pytest.mark.parametrize("role", ["admin", "hod", "faculty", "principal", "student"])
    def test_login_all_roles(self, role):
        """Test login for all roles"""
>       response = self.session.post(
            f"{BASE_URL}/api/auth/login",
            json=CREDENTIALS[role]
        )

tests\test_erp_enhanced.py:35: 
_ _ _ _ _ _ _ _ _ _ _ _ _ _ _ _ _ _ _ _ _ _ _ _ _ _ _ _ _ _ _ _ _ _ _ _ _ _ _ _
C:\Users\massm\AppData\Local\Programs\Python\Python311\Lib\site-packages\requests\sessions.py:637: in post
    return self.request("POST", url, data=data, json=json, **kwargs)
C:\Users\massm\AppData\Local\Programs\Python\Python311\Lib\site-packages\requests\sessions.py:575: in request
    prep = self.prepare_request(req)
C:\Users\massm\AppData\Local\Programs\Python\Python311\Lib\site-packages\requests\sessions.py:484: in prepare_request
    p.prepare(
C:\Users\massm\AppData\Local\Programs\Python\Python311\Lib\site-packages\requests\models.py:367: in prepare
    self.prepare_url(url, params)
_ _ _ _ _ _ _ _ _ _ _ _ _ _ _ _ _ _ _ _ _ _ _ _ _ _ _ _ _ _ _ _ _ _ _ _ _ _ _ _

self = <PreparedRequest [POST]>, url = '/api/auth/login', params = OrderedDict()

    def prepare_url(self, url, params):
        """Prepares the given HTTP URL."""
        #: Accept objects that have string representations.
        #: We're unable to blindly call unicode/str functions
        #: as this will include the bytestring indicator (b'')
        #: on python 3.x.
        #: https://github.com/psf/requests/pull/2238
        if isinstance(url, bytes):
            url = url.decode("utf8")
        else:
            url = str(url)
    
        # Remove leading whitespaces from url
        url = url.lstrip()
    
        # Don't do any URL preparation for non-HTTP schemes like `mailto`,
        # `data` etc to work around exceptions from `url_parse`, which
        # handles RFC 3986 only.
        if ":" in url and not url.lower().startswith("http"):
            self.url = url
            return
    
        # Support for unicode domain names and paths.
        try:
            scheme, auth, host, port, path, query, fragment = parse_url(url)
        except LocationParseError as e:
            raise InvalidURL(*e.args)
    
        if not scheme:
>           raise MissingSchema(
                f"Invalid URL {url!r}: No scheme supplied. "
                f"Perhaps you meant https://{url}?"
            )
E           requests.exceptions.MissingSchema: Invalid URL '/api/auth/login': No scheme supplied. Perhaps you meant https:///api/auth/login?

C:\Users\massm\AppData\Local\Programs\Python\Python311\Lib\site-packages\requests\models.py:438: MissingSchema
______________ TestAuthentication.test_login_all_roles[faculty] _______________

self = <test_erp_enhanced.TestAuthentication object at 0x00000239C6E59D10>
role = 'faculty'

    @pytest.mark.parametrize("role", ["admin", "hod", "faculty", "principal", "student"])
    def test_login_all_roles(self, role):
        """Test login for all roles"""
>       response = self.session.post(
            f"{BASE_URL}/api/auth/login",
            json=CREDENTIALS[role]
        )

tests\test_erp_enhanced.py:35: 
_ _ _ _ _ _ _ _ _ _ _ _ _ _ _ _ _ _ _ _ _ _ _ _ _ _ _ _ _ _ _ _ _ _ _ _ _ _ _ _
C:\Users\massm\AppData\Local\Programs\Python\Python311\Lib\site-packages\requests\sessions.py:637: in post
    return self.request("POST", url, data=data, json=json, **kwargs)
C:\Users\massm\AppData\Local\Programs\Python\Python311\Lib\site-packages\requests\sessions.py:575: in request
    prep = self.prepare_request(req)
C:\Users\massm\AppData\Local\Programs\Python\Python311\Lib\site-packages\requests\sessions.py:484: in prepare_request
    p.prepare(
C:\Users\massm\AppData\Local\Programs\Python\Python311\Lib\site-packages\requests\models.py:367: in prepare
    self.prepare_url(url, params)
_ _ _ _ _ _ _ _ _ _ _ _ _ _ _ _ _ _ _ _ _ _ _ _ _ _ _ _ _ _ _ _ _ _ _ _ _ _ _ _

self = <PreparedRequest [POST]>, url = '/api/auth/login', params = OrderedDict()

    def prepare_url(self, url, params):
        """Prepares the given HTTP URL."""
        #: Accept objects that have string representations.
        #: We're unable to blindly call unicode/str functions
        #: as this will include the bytestring indicator (b'')
        #: on python 3.x.
        #: https://github.com/psf/requests/pull/2238
        if isinstance(url, bytes):
            url = url.decode("utf8")
        else:
            url = str(url)
    
        # Remove leading whitespaces from url
        url = url.lstrip()
    
        # Don't do any URL preparation for non-HTTP schemes like `mailto`,
        # `data` etc to work around exceptions from `url_parse`, which
        # handles RFC 3986 only.
        if ":" in url and not url.lower().startswith("http"):
            self.url = url
            return
    
        # Support for unicode domain names and paths.
        try:
            scheme, auth, host, port, path, query, fragment = parse_url(url)
        except LocationParseError as e:
            raise InvalidURL(*e.args)
    
        if not scheme:
>           raise MissingSchema(
                f"Invalid URL {url!r}: No scheme supplied. "
                f"Perhaps you meant https://{url}?"
            )
E           requests.exceptions.MissingSchema: Invalid URL '/api/auth/login': No scheme supplied. Perhaps you meant https:///api/auth/login?

C:\Users\massm\AppData\Local\Programs\Python\Python311\Lib\site-packages\requests\models.py:438: MissingSchema
_____________ TestAuthentication.test_login_all_roles[principal] ______________

self = <test_erp_enhanced.TestAuthentication object at 0x00000239C6E5A010>
role = 'principal'

    @pytest.mark.parametrize("role", ["admin", "hod", "faculty", "principal", "student"])
    def test_login_all_roles(self, role):
        """Test login for all roles"""
>       response = self.session.post(
            f"{BASE_URL}/api/auth/login",
            json=CREDENTIALS[role]
        )

tests\test_erp_enhanced.py:35: 
_ _ _ _ _ _ _ _ _ _ _ _ _ _ _ _ _ _ _ _ _ _ _ _ _ _ _ _ _ _ _ _ _ _ _ _ _ _ _ _
C:\Users\massm\AppData\Local\Programs\Python\Python311\Lib\site-packages\requests\sessions.py:637: in post
    return self.request("POST", url, data=data, json=json, **kwargs)
C:\Users\massm\AppData\Local\Programs\Python\Python311\Lib\site-packages\requests\sessions.py:575: in request
    prep = self.prepare_request(req)
C:\Users\massm\AppData\Local\Programs\Python\Python311\Lib\site-packages\requests\sessions.py:484: in prepare_request
    p.prepare(
C:\Users\massm\AppData\Local\Programs\Python\Python311\Lib\site-packages\requests\models.py:367: in prepare
    self.prepare_url(url, params)
_ _ _ _ _ _ _ _ _ _ _ _ _ _ _ _ _ _ _ _ _ _ _ _ _ _ _ _ _ _ _ _ _ _ _ _ _ _ _ _

self = <PreparedRequest [POST]>, url = '/api/auth/login', params = OrderedDict()

    def prepare_url(self, url, params):
        """Prepares the given HTTP URL."""
        #: Accept objects that have string representations.
        #: We're unable to blindly call unicode/str functions
        #: as this will include the bytestring indicator (b'')
        #: on python 3.x.
        #: https://github.com/psf/requests/pull/2238
        if isinstance(url, bytes):
            url = url.decode("utf8")
        else:
            url = str(url)
    
        # Remove leading whitespaces from url
        url = url.lstrip()
    
        # Don't do any URL preparation for non-HTTP schemes like `mailto`,
        # `data` etc to work around exceptions from `url_parse`, which
        # handles RFC 3986 only.
        if ":" in url and not url.lower().startswith("http"):
            self.url = url
            return
    
        # Support for unicode domain names and paths.
        try:
            scheme, auth, host, port, path, query, fragment = parse_url(url)
        except LocationParseError as e:
            raise InvalidURL(*e.args)
    
        if not scheme:
>           raise MissingSchema(
                f"Invalid URL {url!r}: No scheme supplied. "
                f"Perhaps you meant https://{url}?"
            )
E           requests.exceptions.MissingSchema: Invalid URL '/api/auth/login': No scheme supplied. Perhaps you meant https:///api/auth/login?

C:\Users\massm\AppData\Local\Programs\Python\Python311\Lib\site-packages\requests\models.py:438: MissingSchema
______________ TestAuthentication.test_login_all_roles[student] _______________

self = <test_erp_enhanced.TestAuthentication object at 0x00000239C6E5A310>
role = 'student'

    @pytest.mark.parametrize("role", ["admin", "hod", "faculty", "principal", "student"])
    def test_login_all_roles(self, role):
        """Test login for all roles"""
>       response = self.session.post(
            f"{BASE_URL}/api/auth/login",
            json=CREDENTIALS[role]
        )

tests\test_erp_enhanced.py:35: 
_ _ _ _ _ _ _ _ _ _ _ _ _ _ _ _ _ _ _ _ _ _ _ _ _ _ _ _ _ _ _ _ _ _ _ _ _ _ _ _
C:\Users\massm\AppData\Local\Programs\Python\Python311\Lib\site-packages\requests\sessions.py:637: in post
    return self.request("POST", url, data=data, json=json, **kwargs)
C:\Users\massm\AppData\Local\Programs\Python\Python311\Lib\site-packages\requests\sessions.py:575: in request
    prep = self.prepare_request(req)
C:\Users\massm\AppData\Local\Programs\Python\Python311\Lib\site-packages\requests\sessions.py:484: in prepare_request
    p.prepare(
C:\Users\massm\AppData\Local\Programs\Python\Python311\Lib\site-packages\requests\models.py:367: in prepare
    self.prepare_url(url, params)
_ _ _ _ _ _ _ _ _ _ _ _ _ _ _ _ _ _ _ _ _ _ _ _ _ _ _ _ _ _ _ _ _ _ _ _ _ _ _ _

self = <PreparedRequest [POST]>, url = '/api/auth/login', params = OrderedDict()

    def prepare_url(self, url, params):
        """Prepares the given HTTP URL."""
        #: Accept objects that have string representations.
        #: We're unable to blindly call unicode/str functions
        #: as this will include the bytestring indicator (b'')
        #: on python 3.x.
        #: https://github.com/psf/requests/pull/2238
        if isinstance(url, bytes):
            url = url.decode("utf8")
        else:
            url = str(url)
    
        # Remove leading whitespaces from url
        url = url.lstrip()
    
        # Don't do any URL preparation for non-HTTP schemes like `mailto`,
        # `data` etc to work around exceptions from `url_parse`, which
        # handles RFC 3986 only.
        if ":" in url and not url.lower().startswith("http"):
            self.url = url
            return
    
        # Support for unicode domain names and paths.
        try:
            scheme, auth, host, port, path, query, fragment = parse_url(url)
        except LocationParseError as e:
            raise InvalidURL(*e.args)
    
        if not scheme:
>           raise MissingSchema(
                f"Invalid URL {url!r}: No scheme supplied. "
                f"Perhaps you meant https://{url}?"
            )
E           requests.exceptions.MissingSchema: Invalid URL '/api/auth/login': No scheme supplied. Perhaps you meant https:///api/auth/login?

C:\Users\massm\AppData\Local\Programs\Python\Python311\Lib\site-packages\requests\models.py:438: MissingSchema
____________________ TestProfileAPI.test_get_profile_admin ____________________

self = <test_erp_enhanced.TestProfileAPI object at 0x00000239C6E6CB90>

    def test_get_profile_admin(self):
        """GET /api/profile - Admin profile"""
>       response = self.session.post(
            f"{BASE_URL}/api/auth/login",
            json=CREDENTIALS["admin"]
        )

tests\test_erp_enhanced.py:106: 
_ _ _ _ _ _ _ _ _ _ _ _ _ _ _ _ _ _ _ _ _ _ _ _ _ _ _ _ _ _ _ _ _ _ _ _ _ _ _ _
C:\Users\massm\AppData\Local\Programs\Python\Python311\Lib\site-packages\requests\sessions.py:637: in post
    return self.request("POST", url, data=data, json=json, **kwargs)
C:\Users\massm\AppData\Local\Programs\Python\Python311\Lib\site-packages\requests\sessions.py:575: in request
    prep = self.prepare_request(req)
C:\Users\massm\AppData\Local\Programs\Python\Python311\Lib\site-packages\requests\sessions.py:484: in prepare_request
    p.prepare(
C:\Users\massm\AppData\Local\Programs\Python\Python311\Lib\site-packages\requests\models.py:367: in prepare
    self.prepare_url(url, params)
_ _ _ _ _ _ _ _ _ _ _ _ _ _ _ _ _ _ _ _ _ _ _ _ _ _ _ _ _ _ _ _ _ _ _ _ _ _ _ _

self = <PreparedRequest [POST]>, url = '/api/auth/login', params = OrderedDict()

    def prepare_url(self, url, params):
        """Prepares the given HTTP URL."""
        #: Accept objects that have string representations.
        #: We're unable to blindly call unicode/str functions
        #: as this will include the bytestring indicator (b'')
        #: on python 3.x.
        #: https://github.com/psf/requests/pull/2238
        if isinstance(url, bytes):
            url = url.decode("utf8")
        else:
            url = str(url)
    
        # Remove leading whitespaces from url
        url = url.lstrip()
    
        # Don't do any URL preparation for non-HTTP schemes like `mailto`,
        # `data` etc to work around exceptions from `url_parse`, which
        # handles RFC 3986 only.
        if ":" in url and not url.lower().startswith("http"):
            self.url = url
            return
    
        # Support for unicode domain names and paths.
        try:
            scheme, auth, host, port, path, query, fragment = parse_url(url)
        except LocationParseError as e:
            raise InvalidURL(*e.args)
    
        if not scheme:
>           raise MissingSchema(
                f"Invalid URL {url!r}: No scheme supplied. "
                f"Perhaps you meant https://{url}?"
            )
E           requests.exceptions.MissingSchema: Invalid URL '/api/auth/login': No scheme supplied. Perhaps you meant https:///api/auth/login?

C:\Users\massm\AppData\Local\Programs\Python\Python311\Lib\site-packages\requests\models.py:438: MissingSchema
___________________ TestProfileAPI.test_get_profile_student ___________________

self = <test_erp_enhanced.TestProfileAPI object at 0x00000239C6E6D290>

    def test_get_profile_student(self):
        """GET /api/profile - Student profile with student_details"""
>       response = self.session.post(
            f"{BASE_URL}/api/auth/login",
            json=CREDENTIALS["student"]
        )

tests\test_erp_enhanced.py:121: 
_ _ _ _ _ _ _ _ _ _ _ _ _ _ _ _ _ _ _ _ _ _ _ _ _ _ _ _ _ _ _ _ _ _ _ _ _ _ _ _
C:\Users\massm\AppData\Local\Programs\Python\Python311\Lib\site-packages\requests\sessions.py:637: in post
    return self.request("POST", url, data=data, json=json, **kwargs)
C:\Users\massm\AppData\Local\Programs\Python\Python311\Lib\site-packages\requests\sessions.py:575: in request
    prep = self.prepare_request(req)
C:\Users\massm\AppData\Local\Programs\Python\Python311\Lib\site-packages\requests\sessions.py:484: in prepare_request
    p.prepare(
C:\Users\massm\AppData\Local\Programs\Python\Python311\Lib\site-packages\requests\models.py:367: in prepare
    self.prepare_url(url, params)
_ _ _ _ _ _ _ _ _ _ _ _ _ _ _ _ _ _ _ _ _ _ _ _ _ _ _ _ _ _ _ _ _ _ _ _ _ _ _ _

self = <PreparedRequest [POST]>, url = '/api/auth/login', params = OrderedDict()

    def prepare_url(self, url, params):
        """Prepares the given HTTP URL."""
        #: Accept objects that have string representations.
        #: We're unable to blindly call unicode/str functions
        #: as this will include the bytestring indicator (b'')
        #: on python 3.x.
        #: https://github.com/psf/requests/pull/2238
        if isinstance(url, bytes):
            url = url.decode("utf8")
        else:
            url = str(url)
    
        # Remove leading whitespaces from url
        url = url.lstrip()
    
        # Don't do any URL preparation for non-HTTP schemes like `mailto`,
        # `data` etc to work around exceptions from `url_parse`, which
        # handles RFC 3986 only.
        if ":" in url and not url.lower().startswith("http"):
            self.url = url
            return
    
        # Support for unicode domain names and paths.
        try:
            scheme, auth, host, port, path, query, fragment = parse_url(url)
        except LocationParseError as e:
            raise InvalidURL(*e.args)
    
        if not scheme:
>           raise MissingSchema(
                f"Invalid URL {url!r}: No scheme supplied. "
                f"Perhaps you meant https://{url}?"
            )
E           requests.exceptions.MissingSchema: Invalid URL '/api/auth/login': No scheme supplied. Perhaps you meant https:///api/auth/login?

C:\Users\massm\AppData\Local\Programs\Python\Python311\Lib\site-packages\requests\models.py:438: MissingSchema
_____________ TestGrievanceWorkflow.test_grievance_full_workflow ______________

self = <test_erp_enhanced.TestGrievanceWorkflow object at 0x00000239C6E6FAD0>

    def test_grievance_full_workflow(self):
        """Test complete grievance workflow"""
        # Step 1: Student submits grievance
>       student_token = self.get_token("student")

tests\test_erp_enhanced.py:253: 
_ _ _ _ _ _ _ _ _ _ _ _ _ _ _ _ _ _ _ _ _ _ _ _ _ _ _ _ _ _ _ _ _ _ _ _ _ _ _ _
tests\test_erp_enhanced.py:244: in get_token
    response = self.session.post(
C:\Users\massm\AppData\Local\Programs\Python\Python311\Lib\site-packages\requests\sessions.py:637: in post
    return self.request("POST", url, data=data, json=json, **kwargs)
C:\Users\massm\AppData\Local\Programs\Python\Python311\Lib\site-packages\requests\sessions.py:575: in request
    prep = self.prepare_request(req)
C:\Users\massm\AppData\Local\Programs\Python\Python311\Lib\site-packages\requests\sessions.py:484: in prepare_request
    p.prepare(
C:\Users\massm\AppData\Local\Programs\Python\Python311\Lib\site-packages\requests\models.py:367: in prepare
    self.prepare_url(url, params)
_ _ _ _ _ _ _ _ _ _ _ _ _ _ _ _ _ _ _ _ _ _ _ _ _ _ _ _ _ _ _ _ _ _ _ _ _ _ _ _

self = <PreparedRequest [POST]>, url = '/api/auth/login', params = OrderedDict()

    def prepare_url(self, url, params):
        """Prepares the given HTTP URL."""
        #: Accept objects that have string representations.
        #: We're unable to blindly call unicode/str functions
        #: as this will include the bytestring indicator (b'')
        #: on python 3.x.
        #: https://github.com/psf/requests/pull/2238
        if isinstance(url, bytes):
            url = url.decode("utf8")
        else:
            url = str(url)
    
        # Remove leading whitespaces from url
        url = url.lstrip()
    
        # Don't do any URL preparation for non-HTTP schemes like `mailto`,
        # `data` etc to work around exceptions from `url_parse`, which
        # handles RFC 3986 only.
        if ":" in url and not url.lower().startswith("http"):
            self.url = url
            return
    
        # Support for unicode domain names and paths.
        try:
            scheme, auth, host, port, path, query, fragment = parse_url(url)
        except LocationParseError as e:
            raise InvalidURL(*e.args)
    
        if not scheme:
>           raise MissingSchema(
                f"Invalid URL {url!r}: No scheme supplied. "
                f"Perhaps you meant https://{url}?"
            )
E           requests.exceptions.MissingSchema: Invalid URL '/api/auth/login': No scheme supplied. Perhaps you meant https:///api/auth/login?

C:\Users\massm\AppData\Local\Programs\Python\Python311\Lib\site-packages\requests\models.py:438: MissingSchema
__________ TestDocumentWorkflow.test_document_request_full_workflow ___________

self = <test_erp_enhanced.TestDocumentWorkflow object at 0x00000239C6E75210>

    def test_document_request_full_workflow(self):
        """Test complete document request workflow"""
        # Step 1: Student submits document request
>       student_token = self.get_token("student")

tests\test_erp_enhanced.py:336: 
_ _ _ _ _ _ _ _ _ _ _ _ _ _ _ _ _ _ _ _ _ _ _ _ _ _ _ _ _ _ _ _ _ _ _ _ _ _ _ _
tests\test_erp_enhanced.py:327: in get_token
    response = self.session.post(
C:\Users\massm\AppData\Local\Programs\Python\Python311\Lib\site-packages\requests\sessions.py:637: in post
    return self.request("POST", url, data=data, json=json, **kwargs)
C:\Users\massm\AppData\Local\Programs\Python\Python311\Lib\site-packages\requests\sessions.py:575: in request
    prep = self.prepare_request(req)
C:\Users\massm\AppData\Local\Programs\Python\Python311\Lib\site-packages\requests\sessions.py:484: in prepare_request
    p.prepare(
C:\Users\massm\AppData\Local\Programs\Python\Python311\Lib\site-packages\requests\models.py:367: in prepare
    self.prepare_url(url, params)
_ _ _ _ _ _ _ _ _ _ _ _ _ _ _ _ _ _ _ _ _ _ _ _ _ _ _ _ _ _ _ _ _ _ _ _ _ _ _ _

self = <PreparedRequest [POST]>, url = '/api/auth/login', params = OrderedDict()

    def prepare_url(self, url, params):
        """Prepares the given HTTP URL."""
        #: Accept objects that have string representations.
        #: We're unable to blindly call unicode/str functions
        #: as this will include the bytestring indicator (b'')
        #: on python 3.x.
        #: https://github.com/psf/requests/pull/2238
        if isinstance(url, bytes):
            url = url.decode("utf8")
        else:
            url = str(url)
    
        # Remove leading whitespaces from url
        url = url.lstrip()
    
        # Don't do any URL preparation for non-HTTP schemes like `mailto`,
        # `data` etc to work around exceptions from `url_parse`, which
        # handles RFC 3986 only.
        if ":" in url and not url.lower().startswith("http"):
            self.url = url
            return
    
        # Support for unicode domain names and paths.
        try:
            scheme, auth, host, port, path, query, fragment = parse_url(url)
        except LocationParseError as e:
            raise InvalidURL(*e.args)
    
        if not scheme:
>           raise MissingSchema(
                f"Invalid URL {url!r}: No scheme supplied. "
                f"Perhaps you meant https://{url}?"
            )
E           requests.exceptions.MissingSchema: Invalid URL '/api/auth/login': No scheme supplied. Perhaps you meant https:///api/auth/login?

C:\Users\massm\AppData\Local\Programs\Python\Python311\Lib\site-packages\requests\models.py:438: MissingSchema
_________________________ test_auth_service_register __________________________

db = AsyncIOMotorDatabase(Database(MongoClient(host=['localhost:27017'], document_class=dict, tz_aware=False, connect=False, driver=DriverInfo(name='Motor', version='3.3.2', platform='asyncio')), 'test_academia_erp'))

    @pytest.mark.asyncio
    async def test_auth_service_register(db):
>       auth_service = AuthService()
E       TypeError: AuthService.__init__() missing 1 required positional argument: 'user_repo'

tests\test_services.py:13: TypeError
_________________________ test_student_service_create _________________________

db = AsyncIOMotorDatabase(Database(MongoClient(host=['localhost:27017'], document_class=dict, tz_aware=False, connect=False, driver=DriverInfo(name='Motor', version='3.3.2', platform='asyncio')), 'test_academia_erp'))

    @pytest.mark.asyncio
    async def test_student_service_create(db):
>       auth_service = AuthService()
E       TypeError: AuthService.__init__() missing 1 required positional argument: 'user_repo'

tests\test_services.py:28: TypeError
________________________ test_document_service_request ________________________

db = AsyncIOMotorDatabase(Database(MongoClient(host=['localhost:27017'], document_class=dict, tz_aware=False, connect=False, driver=DriverInfo(name='Motor', version='3.3.2', platform='asyncio')), 'test_academia_erp'))

    @pytest.mark.asyncio
    async def test_document_service_request(db):
>       auth_service = AuthService()
E       TypeError: AuthService.__init__() missing 1 required positional argument: 'user_repo'

tests\test_services.py:53: TypeError
_______________________ test_document_service_workflow ________________________

db = AsyncIOMotorDatabase(Database(MongoClient(host=['localhost:27017'], document_class=dict, tz_aware=False, connect=False, driver=DriverInfo(name='Motor', version='3.3.2', platform='asyncio')), 'test_academia_erp'))

    @pytest.mark.asyncio
    async def test_document_service_workflow(db):
        # Setup student and request
>       auth_service = AuthService()
E       TypeError: AuthService.__init__() missing 1 required positional argument: 'user_repo'

tests\test_services.py:89: TypeError
============================== warnings summary ===============================
app\main.py:57
  D:\college2-main\backend\app\main.py:57: DeprecationWarning: 
          on_event is deprecated, use lifespan event handlers instead.
  
          Read more about it in the
          [FastAPI docs for Lifespan Events](https://fastapi.tiangolo.com/advanced/events/).
          
    @app.on_event("startup")

C:\Users\massm\AppData\Local\Programs\Python\Python311\Lib\site-packages\fastapi\applications.py:4495
C:\Users\massm\AppData\Local\Programs\Python\Python311\Lib\site-packages\fastapi\applications.py:4495
  C:\Users\massm\AppData\Local\Programs\Python\Python311\Lib\site-packages\fastapi\applications.py:4495: DeprecationWarning: 
          on_event is deprecated, use lifespan event handlers instead.
  
          Read more about it in the
          [FastAPI docs for Lifespan Events](https://fastapi.tiangolo.com/advanced/events/).
          
    return self.router.on_event(event_type)

app\main.py:62
  D:\college2-main\backend\app\main.py:62: DeprecationWarning: 
          on_event is deprecated, use lifespan event handlers instead.
  
          Read more about it in the
          [FastAPI docs for Lifespan Events](https://fastapi.tiangolo.com/advanced/events/).
          
    @app.on_event("shutdown")

C:\Users\massm\AppData\Local\Programs\Python\Python311\Lib\site-packages\requests\__init__.py:113
  C:\Users\massm\AppData\Local\Programs\Python\Python311\Lib\site-packages\requests\__init__.py:113: RequestsDependencyWarning: urllib3 (2.2.1) or chardet (7.0.1)/charset_normalizer (3.3.2) doesn't match a supported version!
    warnings.warn(

tests/test_auth.py::test_root
  C:\Users\massm\AppData\Local\Programs\Python\Python311\Lib\site-packages\httpx\_client.py:680: DeprecationWarning: The 'app' shortcut is now deprecated. Use the explicit style 'transport=WSGITransport(app=...)' instead.
    warnings.warn(message, DeprecationWarning)

-- Docs: https://docs.pytest.org/en/stable/how-to/capture-warnings.html

---------- coverage: platform win32, python 3.11.6-final-0 -----------
Name                                          Stmts   Miss  Cover
-----------------------------------------------------------------
app\__init__.py                                   0      0   100%
app\core\__init__.py                              0      0   100%
app\core\audit.py                                22     15    32%
app\core\automations.py                          54     46    15%
app\core\config.py                               30      4    87%
app\core\database.py                             46     24    48%
app\core\logging.py                              29      0   100%
app\core\rate_limit.py                           24      2    92%
app\core\security.py                             41     24    41%
app\main.py                                      68      8    88%
app\models\__init__.py                            0      0   100%
app\repositories\admission_repository.py         22      9    59%
app\repositories\ai_repository.py                39     23    41%
app\repositories\analytics_repository.py         52     30    42%
app\repositories\announcement_repository.py      25     12    52%
app\repositories\attendance_repository.py        26     13    50%
app\repositories\audit_repository.py             11      3    73%
app\repositories\cgpa_repository.py              24     11    54%
app\repositories\department_repository.py        25     12    52%
app\repositories\document_repository.py          25     13    48%
app\repositories\faculty_repository.py           30     15    50%
app\repositories\fee_repository.py               35     17    51%
app\repositories\grievance_repository.py         31     15    52%
app\repositories\leave_repository.py             20      8    60%
app\repositories\mail_repository.py              20      8    60%
app\repositories\marks_repository.py             32     17    47%
app\repositories\notification_repository.py      27     13    52%
app\repositories\settings_repository.py          28     13    54%
app\repositories\student_repository.py           47     25    47%
app\repositories\subject_repository.py           28     13    54%
app\repositories\timetable_repository.py         23     10    57%
app\repositories\upload_repository.py            44     27    39%
app\repositories\user_repository.py              23     11    52%
app\routes\__init__.py                            0      0   100%
app\routes\admission_routes.py                   33      8    76%
app\routes\ai_routes.py                          22      6    73%
app\routes\analytics_routes.py                   20      4    80%
app\routes\announcement_routes.py                65     43    34%
app\routes\attendance_routes.py                  39     23    41%
app\routes\audit_routes.py                       12      2    83%
app\routes\auth_routes.py                        18      6    67%
app\routes\automation_routes.py                   9      2    78%
app\routes\cgpa_routes.py                        26      5    81%
app\routes\department_routes.py                  35     18    49%
app\routes\document_routes.py                    32      9    72%
app\routes\faculty_routes.py                     67     43    36%
app\routes\fee_routes.py                        127     80    37%
app\routes\grievance_routes.py                   81     45    44%
app\routes\leave_routes.py                       19      4    79%
app\routes\mail_routes.py                        48     24    50%
app\routes\marks_routes.py                       45     27    40%
app\routes\notification_routes.py                35     12    66%
app\routes\seed_routes.py                        85     69    19%
app\routes\settings_routes.py                    19      4    79%
app\routes\student_routes.py                     97     64    34%
app\routes\subject_routes.py                     46     25    46%
app\routes\timetable_routes.py                   30     12    60%
app\routes\upload_routes.py                      28     10    64%
app\schemas\__init__.py                           0      0   100%
app\schemas\admission_schema.py                  21      0   100%
app\schemas\announcement_schema.py               35      0   100%
app\schemas\attendance_schema.py                 22      0   100%
app\schemas\audit_schema.py                      20      0   100%
app\schemas\auth_schema.py                       27      0   100%
app\schemas\department_schema.py                 29      0   100%
app\schemas\document_schema.py                   35      0   100%
app\schemas\faculty_schema.py                    24      0   100%
app\schemas\fee_schema.py                        44      0   100%
app\schemas\grievance_schema.py                  43      0   100%
app\schemas\leave_schema.py                      18      0   100%
app\schemas\mail_schema.py                       26      0   100%
app\schemas\marks_schema.py                      38      0   100%
app\schemas\settings_schema.py                   28      0   100%
app\schemas\student_schema.py                    29      0   100%
app\schemas\subject_schema.py                    29      0   100%
app\services\admission_service.py                81     60    26%
app\services\ai_service.py                      116     95    18%
app\services\analytics_service.py               134    121    10%
app\services\announcement_service.py             63     48    24%
app\services\attendance_service.py               36     21    42%
app\services\audit_service.py                    39     27    31%
app\services\auth_service.py                     51     37    27%
app\services\cgpa_service.py                     79     64    19%
app\services\department_service.py               53     37    30%
app\services\document_service.py                 75     61    19%
app\services\faculty_service.py                  58     40    31%
app\services\fee_service.py                     184    157    15%
app\services\grievance_service.py               120     97    19%
app\services\leave_service.py                    34     21    38%
app\services\mail_service.py                     55     39    29%
app\services\marks_service.py                    71     53    25%
app\services\notification_service.py             49     30    39%
app\services\settings_service.py                 58     44    24%
app\services\student_service.py                 132    109    17%
app\services\subject_service.py                  47     32    32%
app\services\timetable_service.py                54     39    28%
app\services\upload_service.py                  177    157    11%
app\utils\__init__.py                             0      0   100%
app\utils\cache.py                               23     11    52%
app\utils\endpoint_inventory.py                  18     18     0%
app\utils\grading.py                             33     28    15%
app\websocket\__init__.py                         0      0   100%
app\websocket\connection_manager.py              93     66    29%
app\websocket\manager.py                          3      0   100%
-----------------------------------------------------------------
TOTAL                                          4393   2498    43%

=========================== short test summary info ===========================
FAILED tests/test_auth.py::test_login_invalid_credentials - assert 405 == 401
FAILED tests/test_erp_crud.py::TestAuth::test_admin_login - assert 404 == 200
FAILED tests/test_erp_crud.py::TestAuth::test_hod_login - assert 404 == 200
FAILED tests/test_erp_crud.py::TestAuth::test_faculty_login - assert 404 == 200
FAILED tests/test_erp_crud.py::TestAuth::test_principal_login - assert 404 ==...
FAILED tests/test_erp_crud.py::TestAuth::test_invalid_login - assert 404 == 401
FAILED tests/test_erp_enhanced.py::TestAuthentication::test_login_all_roles[admin]
FAILED tests/test_erp_enhanced.py::TestAuthentication::test_login_all_roles[hod]
FAILED tests/test_erp_enhanced.py::TestAuthentication::test_login_all_roles[faculty]
FAILED tests/test_erp_enhanced.py::TestAuthentication::test_login_all_roles[principal]
FAILED tests/test_erp_enhanced.py::TestAuthentication::test_login_all_roles[student]
FAILED tests/test_erp_enhanced.py::TestProfileAPI::test_get_profile_admin - r...
FAILED tests/test_erp_enhanced.py::TestProfileAPI::test_get_profile_student
FAILED tests/test_erp_enhanced.py::TestGrievanceWorkflow::test_grievance_full_workflow
FAILED tests/test_erp_enhanced.py::TestDocumentWorkflow::test_document_request_full_workflow
FAILED tests/test_services.py::test_auth_service_register - TypeError: AuthSe...
FAILED tests/test_services.py::test_student_service_create - TypeError: AuthS...
FAILED tests/test_services.py::test_document_service_request - TypeError: Aut...
FAILED tests/test_services.py::test_document_service_workflow - TypeError: Au...
ERROR tests/test_erp_enhanced.py::TestSettingsAPI::test_get_settings - reques...
ERROR tests/test_erp_enhanced.py::TestSettingsAPI::test_update_settings_theme
ERROR tests/test_erp_enhanced.py::TestSettingsAPI::test_update_settings_notifications
ERROR tests/test_erp_enhanced.py::TestPasswordChange::test_change_password_wrong_current
ERROR tests/test_erp_enhanced.py::TestPasswordChange::test_change_password_correct
ERROR tests/test_erp_enhanced.py::TestAnnouncementsAPI::test_create_announcement_with_publish_date
ERROR tests/test_erp_enhanced.py::TestAnnouncementsAPI::test_get_announcements
ERROR tests/test_erp_enhanced.py::TestFeeAnalytics::test_get_fee_analytics - ...
ERROR tests/test_erp_enhanced.py::TestRiskAnalytics::test_get_risk_analytics
ERROR tests/test_erp_enhanced.py::TestAuditLogEnhancement::test_get_audit_logs
ERROR tests/test_erp_enhanced.py::TestDashboardAnalytics::test_get_dashboard_analytics
ERROR tests/test_erp_enhanced.py::TestSubjectMapping::test_get_subjects - req...
ERROR tests/test_erp_enhanced.py::TestSubjectMapping::test_get_mappings - req...
ERROR tests/test_erp_enhanced.py::TestFacultyDashboard::test_faculty_profile
ERROR tests/test_erp_enhanced.py::TestFacultyDashboard::test_get_students_for_attendance
ERROR tests/test_erp_enhanced.py::TestAdminDashboard::test_get_students - req...
ERROR tests/test_erp_enhanced.py::TestAdminDashboard::test_get_faculty - requ...
ERROR tests/test_erp_enhanced.py::TestAdminDashboard::test_get_pending_verifications
ERROR tests/test_erp_enhanced.py::TestAttendanceAnalytics::test_get_attendance_analytics
====== 19 failed, 4 passed, 42 skipped, 6 warnings, 19 errors in 33.74s =======
